  Determining projects to restore...
  All projects are up-to-date for restore.
/home/eslam/Documents/GitHub/school-hub/Migrations/20251001190420_init.cs(8,26): warning CS8981: The type name 'init' only contains lower-cased ascii characters. Such names may become reserved for the language. [/home/eslam/Documents/GitHub/school-hub/API.csproj]
/home/eslam/Documents/GitHub/school-hub/Migrations/20251001190420_init.Designer.cs(16,19): warning CS8981: The type name 'init' only contains lower-cased ascii characters. Such names may become reserved for the language. [/home/eslam/Documents/GitHub/school-hub/API.csproj]
/home/eslam/Documents/GitHub/school-hub/Infrastructure/Persistence/Repositories/IRepository.cs(8,62): warning CS8625: Cannot convert null literal to non-nullable reference type. [/home/eslam/Documents/GitHub/school-hub/API.csproj]
/home/eslam/Documents/GitHub/school-hub/Infrastructure/Persistence/Repositories/IRepository.cs(11,73): warning CS8625: Cannot convert null literal to non-nullable reference type. [/home/eslam/Documents/GitHub/school-hub/API.csproj]
/home/eslam/Documents/GitHub/school-hub/Infrastructure/Persistence/Repositories/IRepository.cs(13,67): warning CS8625: Cannot convert null literal to non-nullable reference type. [/home/eslam/Documents/GitHub/school-hub/API.csproj]
/home/eslam/Documents/GitHub/school-hub/Infrastructure/Persistence/Repositories/IRepository.cs(14,64): warning CS8625: Cannot convert null literal to non-nullable reference type. [/home/eslam/Documents/GitHub/school-hub/API.csproj]
/home/eslam/Documents/GitHub/school-hub/Infrastructure/Persistence/Repositories/Repository.cs(25,69): warning CS8625: Cannot convert null literal to non-nullable reference type. [/home/eslam/Documents/GitHub/school-hub/API.csproj]
/home/eslam/Documents/GitHub/school-hub/Infrastructure/Persistence/Repositories/Repository.cs(42,86): warning CS8625: Cannot convert null literal to non-nullable reference type. [/home/eslam/Documents/GitHub/school-hub/API.csproj]
/home/eslam/Documents/GitHub/school-hub/Infrastructure/Persistence/Repositories/Repository.cs(54,80): warning CS8625: Cannot convert null literal to non-nullable reference type. [/home/eslam/Documents/GitHub/school-hub/API.csproj]
/home/eslam/Documents/GitHub/school-hub/Infrastructure/Persistence/Repositories/Repository.cs(61,77): warning CS8625: Cannot convert null literal to non-nullable reference type. [/home/eslam/Documents/GitHub/school-hub/API.csproj]
/home/eslam/Documents/GitHub/school-hub/Domain/Entities/Users/Badges.cs(8,19): warning CS8618: Non-nullable property 'Name' must contain a non-null value when exiting constructor. Consider adding the 'required' modifier or declaring the property as nullable. [/home/eslam/Documents/GitHub/school-hub/API.csproj]
/home/eslam/Documents/GitHub/school-hub/Domain/Entities/Users/Badges.cs(9,19): warning CS8618: Non-nullable property 'Description' must contain a non-null value when exiting constructor. Consider adding the 'required' modifier or declaring the property as nullable. [/home/eslam/Documents/GitHub/school-hub/API.csproj]
/home/eslam/Documents/GitHub/school-hub/Domain/Entities/Users/Badges.cs(10,19): warning CS8618: Non-nullable property 'Icon' must contain a non-null value when exiting constructor. Consider adding the 'required' modifier or declaring the property as nullable. [/home/eslam/Documents/GitHub/school-hub/API.csproj]
/home/eslam/Documents/GitHub/school-hub/Shared/Models/RequestResult.cs(20,37): warning CS8604: Possible null reference argument for parameter 'Data' in 'RequestResult<T>.RequestResult(T Data, bool IsSuccess, string Message, ErrorCode ErrorCode)'. [/home/eslam/Documents/GitHub/school-hub/API.csproj]
/home/eslam/Documents/GitHub/school-hub/Shared/Models/RequestResult.cs(26,37): warning CS8604: Possible null reference argument for parameter 'Data' in 'RequestResult<T>.RequestResult(T Data, bool IsSuccess, string Message, ErrorCode ErrorCode)'. [/home/eslam/Documents/GitHub/school-hub/API.csproj]
/home/eslam/Documents/GitHub/school-hub/Domain/UnitOfWork/UnitOfWork.cs(48,26): warning CS0168: The variable 'ex' is declared but never used [/home/eslam/Documents/GitHub/school-hub/API.csproj]
/home/eslam/Documents/GitHub/school-hub/Shared/Models/RequestResult.cs(31,37): warning CS8604: Possible null reference argument for parameter 'Data' in 'RequestResult<T>.RequestResult(T Data, bool IsSuccess, string Message, ErrorCode ErrorCode)'. [/home/eslam/Documents/GitHub/school-hub/API.csproj]
/home/eslam/Documents/GitHub/school-hub/Shared/Models/RequestResult.cs(36,37): warning CS8604: Possible null reference argument for parameter 'Data' in 'RequestResult<T>.RequestResult(T Data, bool IsSuccess, string Message, ErrorCode ErrorCode)'. [/home/eslam/Documents/GitHub/school-hub/API.csproj]
/home/eslam/Documents/GitHub/school-hub/Shared/Models/RequestResult.cs(36,53): warning CS8625: Cannot convert null literal to non-nullable reference type. [/home/eslam/Documents/GitHub/school-hub/API.csproj]
/home/eslam/Documents/GitHub/school-hub/Application/Features/User/Register/Queries/GetUserNameQuery.cs(21,43): warning CS8602: Dereference of a possibly null reference. [/home/eslam/Documents/GitHub/school-hub/API.csproj]
/home/eslam/Documents/GitHub/school-hub/Helpers/ConfigurationHelper.cs(14,16): warning CS8603: Possible null reference return. [/home/eslam/Documents/GitHub/school-hub/API.csproj]
/home/eslam/Documents/GitHub/school-hub/Helpers/ConfigurationHelper.cs(20,16): warning CS8603: Possible null reference return. [/home/eslam/Documents/GitHub/school-hub/API.csproj]
/home/eslam/Documents/GitHub/school-hub/Infrastructure/Persistence/Repositories/Repository.cs(27,16): warning CS8619: Nullability of reference types in value of type 'IQueryable<T?>' doesn't match target type 'IQueryable<T>'. [/home/eslam/Documents/GitHub/school-hub/API.csproj]
/home/eslam/Documents/GitHub/school-hub/Helpers/ConfigurationHelper.cs(25,16): warning CS8603: Possible null reference return. [/home/eslam/Documents/GitHub/school-hub/API.csproj]
/home/eslam/Documents/GitHub/school-hub/Helpers/ConfigurationHelper.cs(36,43): warning CS8602: Dereference of a possibly null reference. [/home/eslam/Documents/GitHub/school-hub/API.csproj]
/home/eslam/Documents/GitHub/school-hub/Helpers/ConfigurationHelper.cs(5,35): warning CS8618: Non-nullable field '_configuration' must contain a non-null value when exiting constructor. Consider adding the 'required' modifier or declaring the field as nullable. [/home/eslam/Documents/GitHub/school-hub/API.csproj]
/home/eslam/Documents/GitHub/school-hub/Infrastructure/Cache/HybridCacheRepository.cs(22,91): warning CS8625: Cannot convert null literal to non-nullable reference type. [/home/eslam/Documents/GitHub/school-hub/API.csproj]
/home/eslam/Documents/GitHub/school-hub/Infrastructure/Cache/HybridCacheRepository.cs(28,20): warning CS8603: Possible null reference return. [/home/eslam/Documents/GitHub/school-hub/API.csproj]
/home/eslam/Documents/GitHub/school-hub/Extensions/CAPExtensions.cs(20,35): warning CS8604: Possible null reference argument for parameter 'connectionString' in 'CapOptions CapOptionsExtensions.UsePostgreSql(CapOptions options, string connectionString)'. [/home/eslam/Documents/GitHub/school-hub/API.csproj]
/home/eslam/Documents/GitHub/school-hub/Shared/Models/EndPointResponse.cs(21,40): warning CS8604: Possible null reference argument for parameter 'Data' in 'EndPointResponse<T>.EndPointResponse(T Data, bool IsSuccess, string Message, ErrorCode ErrorCode, bool IsAuthorized)'. [/home/eslam/Documents/GitHub/school-hub/API.csproj]
/home/eslam/Documents/GitHub/school-hub/Application/Features/User/Login/Queries/GetUserByUserNameQuery.cs(23,50): warning CS8602: Dereference of a possibly null reference. [/home/eslam/Documents/GitHub/school-hub/API.csproj]
/home/eslam/Documents/GitHub/school-hub/Application/Features/User/Login/Queries/GetUserByUserNameQuery.cs(28,16): warning CS8603: Possible null reference return. [/home/eslam/Documents/GitHub/school-hub/API.csproj]
/home/eslam/Documents/GitHub/school-hub/Shared/Models/EndPointResponse.cs(26,40): warning CS8604: Possible null reference argument for parameter 'Data' in 'EndPointResponse<T>.EndPointResponse(T Data, bool IsSuccess, string Message, ErrorCode ErrorCode, bool IsAuthorized)'. [/home/eslam/Documents/GitHub/school-hub/API.csproj]
/home/eslam/Documents/GitHub/school-hub/Infrastructure/Persistence/Repositories/Repository.cs(39,63): warning CS8602: Dereference of a possibly null reference. [/home/eslam/Documents/GitHub/school-hub/API.csproj]
/home/eslam/Documents/GitHub/school-hub/Filters/JwtEndpointFilter.cs(130,31): warning CS1998: This async method lacks 'await' operators and will run synchronously. Consider using the 'await' operator to await non-blocking API calls, or 'await Task.Run(...)' to do CPU-bound work on a background thread. [/home/eslam/Documents/GitHub/school-hub/API.csproj]
/home/eslam/Documents/GitHub/school-hub/Infrastructure/Persistence/Repositories/Repository.cs(51,52): warning CS8602: Dereference of a possibly null reference. [/home/eslam/Documents/GitHub/school-hub/API.csproj]
/home/eslam/Documents/GitHub/school-hub/Infrastructure/Persistence/Repositories/Repository.cs(65,48): warning CS8620: Argument of type 'Expression<Func<T, bool>>' cannot be used for parameter 'predicate' of type 'Expression<Func<T?, bool>>' in 'Task<int> EntityFrameworkQueryableExtensions.CountAsync<T?>(IQueryable<T?> source, Expression<Func<T?, bool>> predicate, CancellationToken cancellationToken = default(CancellationToken))' due to differences in the nullability of reference types. [/home/eslam/Documents/GitHub/school-hub/API.csproj]
/home/eslam/Documents/GitHub/school-hub/Filters/JwtEndpointFilter.cs(171,39): warning CS8600: Converting null literal or possible null value to non-nullable type. [/home/eslam/Documents/GitHub/school-hub/API.csproj]
/home/eslam/Documents/GitHub/school-hub/Extensions/HangfireExtensions.cs(58,53): warning CS8604: Possible null reference argument for parameter 'username' in 'HangfireAuthorizationFilter.HangfireAuthorizationFilter(string username, string password)'. [/home/eslam/Documents/GitHub/school-hub/API.csproj]
/home/eslam/Documents/GitHub/school-hub/Extensions/HangfireExtensions.cs(58,63): warning CS8604: Possible null reference argument for parameter 'password' in 'HangfireAuthorizationFilter.HangfireAuthorizationFilter(string username, string password)'. [/home/eslam/Documents/GitHub/school-hub/API.csproj]
/home/eslam/Documents/GitHub/school-hub/Application/Features/User/GetUsers/Queries/GetUsersQuery.cs(18,47): warning CS9113: Parameter 'badgesRepository' is unread. [/home/eslam/Documents/GitHub/school-hub/API.csproj]
/home/eslam/Documents/GitHub/school-hub/Application/Features/User/GetUsers/Queries/GetUsersQuery.cs(19,49): warning CS9113: Parameter 'tokenRepository' is unread. [/home/eslam/Documents/GitHub/school-hub/API.csproj]
/home/eslam/Documents/GitHub/school-hub/Infrastructure/Persistence/Repositories/Repository.cs(124,47): warning CS8620: Argument of type 'Expression<Func<T, bool>>' cannot be used for parameter 'predicate' of type 'Expression<Func<T?, bool>>' in 'Task<bool> EntityFrameworkQueryableExtensions.AnyAsync<T?>(IQueryable<T?> source, Expression<Func<T?, bool>> predicate, CancellationToken cancellationToken = default(CancellationToken))' due to differences in the nullability of reference types. [/home/eslam/Documents/GitHub/school-hub/API.csproj]
/home/eslam/Documents/GitHub/school-hub/Application/Features/User/GetUsers/Queries/GetUsersQuery.cs(37,40): warning CS8620: Argument of type 'ExpressionStarter<User>' cannot be used for parameter 'predicate' of type 'Expression<Func<User?, bool>>' in 'IQueryable<User> IRepository<User>.Get(Expression<Func<User?, bool>> predicate = null)' due to differences in the nullability of reference types. [/home/eslam/Documents/GitHub/school-hub/API.csproj]
/home/eslam/Documents/GitHub/school-hub/Application/Features/User/GetUsers/Queries/GetUsersQuery.cs(46,30): warning CS8604: Possible null reference argument for parameter 'source' in 'int Enumerable.Count<Badges>(IEnumerable<Badges> source)'. [/home/eslam/Documents/GitHub/school-hub/API.csproj]
/home/eslam/Documents/GitHub/school-hub/Application/Features/Demo/Query/UserStateQuery.cs(13,60): warning CS1998: This async method lacks 'await' operators and will run synchronously. Consider using the 'await' operator to await non-blocking API calls, or 'await Task.Run(...)' to do CPU-bound work on a background thread. [/home/eslam/Documents/GitHub/school-hub/API.csproj]
/home/eslam/Documents/GitHub/school-hub/Application/Features/User/Export/Queries/ExportUserDataQuery.cs(28,30): warning CS8604: Possible null reference argument for parameter 'source' in 'int Enumerable.Count<Badges>(IEnumerable<Badges> source)'. [/home/eslam/Documents/GitHub/school-hub/API.csproj]
/home/eslam/Documents/GitHub/school-hub/Application/Features/Teacher/PortfolioBook/Commands/UpdateMapScoreCommand.cs(13,69): warning CS1998: This async method lacks 'await' operators and will run synchronously. Consider using the 'await' operator to await non-blocking API calls, or 'await Task.Run(...)' to do CPU-bound work on a background thread. [/home/eslam/Documents/GitHub/school-hub/API.csproj]
/home/eslam/Documents/GitHub/school-hub/Application/Features/Teacher/Dashboard/Queries/GetTeacherDashboardQuery.cs(19,39): warning CS9113: Parameter 'userRepository' is unread. [/home/eslam/Documents/GitHub/school-hub/API.csproj]
/home/eslam/Documents/GitHub/school-hub/EndPoints/Admin/ReportsSchedule/ReportsScheduleEndpoint.cs(12,88): warning CS1998: This async method lacks 'await' operators and will run synchronously. Consider using the 'await' operator to await non-blocking API calls, or 'await Task.Run(...)' to do CPU-bound work on a background thread. [/home/eslam/Documents/GitHub/school-hub/API.csproj]
/home/eslam/Documents/GitHub/school-hub/Application/Features/Teacher/PortfolioBook/Commands/UpdateExactPathCommand.cs(13,69): warning CS1998: This async method lacks 'await' operators and will run synchronously. Consider using the 'await' operator to await non-blocking API calls, or 'await Task.Run(...)' to do CPU-bound work on a background thread. [/home/eslam/Documents/GitHub/school-hub/API.csproj]
/home/eslam/Documents/GitHub/school-hub/Application/Features/Teacher/Cpd/Queries/GetCpdProgressQuery.cs(22,56): warning CS8602: Dereference of a possibly null reference. [/home/eslam/Documents/GitHub/school-hub/API.csproj]
/home/eslam/Documents/GitHub/school-hub/Application/Features/Teacher/Cpd/Queries/GetCpdProgressQuery.cs(23,58): warning CS8602: Dereference of a possibly null reference. [/home/eslam/Documents/GitHub/school-hub/API.csproj]
/home/eslam/Documents/GitHub/school-hub/Application/Features/Teacher/Portfolio/Queries/GetTeacherPortfolioBadgesQuery.cs(20,54): warning CS8602: Dereference of a possibly null reference. [/home/eslam/Documents/GitHub/school-hub/API.csproj]
/home/eslam/Documents/GitHub/school-hub/Application/Features/Teacher/Portfolio/Queries/GetSubjectStudentsQuery.cs(17,26): warning CS9113: Parameter 'classesRepository' is unread. [/home/eslam/Documents/GitHub/school-hub/API.csproj]
/home/eslam/Documents/GitHub/school-hub/Application/Features/Teacher/Dashboard/Queries/GetTeacherDashboardQuery.cs(26,56): warning CS8602: Dereference of a possibly null reference. [/home/eslam/Documents/GitHub/school-hub/API.csproj]
/home/eslam/Documents/GitHub/school-hub/Application/Features/Teacher/Dashboard/Queries/GetTeacherDashboardQuery.cs(27,58): warning CS8602: Dereference of a possibly null reference. [/home/eslam/Documents/GitHub/school-hub/API.csproj]
/home/eslam/Documents/GitHub/school-hub/Application/Features/Teacher/Dashboard/Queries/GetTeacherDashboardQuery.cs(53,70): warning CS8602: Dereference of a possibly null reference. [/home/eslam/Documents/GitHub/school-hub/API.csproj]
/home/eslam/Documents/GitHub/school-hub/Application/Features/Teacher/Cpd/Queries/GetCpdModulesQuery.cs(24,56): warning CS8602: Dereference of a possibly null reference. [/home/eslam/Documents/GitHub/school-hub/API.csproj]
/home/eslam/Documents/GitHub/school-hub/Application/Features/Teacher/Cpd/Queries/GetCpdModulesQuery.cs(28,61): warning CS8602: Dereference of a possibly null reference. [/home/eslam/Documents/GitHub/school-hub/API.csproj]
/home/eslam/Documents/GitHub/school-hub/Application/Features/Teacher/Cpd/Queries/GetCpdModuleByIdQuery.cs(24,55): warning CS8602: Dereference of a possibly null reference. [/home/eslam/Documents/GitHub/school-hub/API.csproj]
/home/eslam/Documents/GitHub/school-hub/Application/Features/Teacher/Cpd/Queries/GetCpdModuleByIdQuery.cs(30,58): warning CS8602: Dereference of a possibly null reference. [/home/eslam/Documents/GitHub/school-hub/API.csproj]
/home/eslam/Documents/GitHub/school-hub/Application/Features/Teacher/Cpd/Commands/UploadCpdEvidenceCommand.cs(29,55): warning CS8602: Dereference of a possibly null reference. [/home/eslam/Documents/GitHub/school-hub/API.csproj]
/home/eslam/Documents/GitHub/school-hub/Application/Features/Teacher/Cpd/Commands/UploadCpdEvidenceCommand.cs(35,58): warning CS8602: Dereference of a possibly null reference. [/home/eslam/Documents/GitHub/school-hub/API.csproj]
/home/eslam/Documents/GitHub/school-hub/Application/Features/Admin/Dashboard/Queries/GetAdminDashboardQuery.cs(23,61): warning CS8603: Possible null reference return. [/home/eslam/Documents/GitHub/school-hub/API.csproj]
/home/eslam/Documents/GitHub/school-hub/Application/Features/Admin/Dashboard/Queries/GetAdminDashboardQuery.cs(27,37): warning CS8602: Dereference of a possibly null reference. [/home/eslam/Documents/GitHub/school-hub/API.csproj]
/home/eslam/Documents/GitHub/school-hub/Application/Features/Admin/Dashboard/Queries/GetAdminDashboardQuery.cs(33,31): warning CS8602: Dereference of a possibly null reference. [/home/eslam/Documents/GitHub/school-hub/API.csproj]
/home/eslam/Documents/GitHub/school-hub/Application/Features/Teacher/Portfolio/Queries/GetSubjectStudentsQuery.cs(25,75): warning CS8602: Dereference of a possibly null reference. [/home/eslam/Documents/GitHub/school-hub/API.csproj]
/home/eslam/Documents/GitHub/school-hub/Application/Features/Teacher/Portfolio/Queries/GetSubjectStudentsQuery.cs(30,72): warning CS8602: Dereference of a possibly null reference. [/home/eslam/Documents/GitHub/school-hub/API.csproj]
/home/eslam/Documents/GitHub/school-hub/Application/Features/Teacher/Portfolio/Queries/GetSubjectStudentsQuery.cs(40,74): warning CS8602: Dereference of a possibly null reference. [/home/eslam/Documents/GitHub/school-hub/API.csproj]
/home/eslam/Documents/GitHub/school-hub/Application/Features/Teacher/Portfolio/Queries/GetSubjectStudentsQuery.cs(43,93): warning CS8602: Dereference of a possibly null reference. [/home/eslam/Documents/GitHub/school-hub/API.csproj]
/home/eslam/Documents/GitHub/school-hub/Application/Features/Teacher/Portfolio/Queries/GetStudentPortfolioQuery.cs(24,32): warning CS9113: Parameter 'studentBadgesRepository' is unread. [/home/eslam/Documents/GitHub/school-hub/API.csproj]
/home/eslam/Documents/GitHub/school-hub/Application/Features/Teacher/Portfolio/Queries/GetStudentPortfolioQuery.cs(25,25): warning CS9113: Parameter 'badgesRepository' is unread. [/home/eslam/Documents/GitHub/school-hub/API.csproj]
/home/eslam/Documents/GitHub/school-hub/Application/Features/Teacher/Cpd/Commands/UpdateCpdModuleStatusCommand.cs(28,55): warning CS8602: Dereference of a possibly null reference. [/home/eslam/Documents/GitHub/school-hub/API.csproj]
/home/eslam/Documents/GitHub/school-hub/Application/Features/Teacher/Cpd/Commands/UpdateCpdModuleStatusCommand.cs(34,58): warning CS8602: Dereference of a possibly null reference. [/home/eslam/Documents/GitHub/school-hub/API.csproj]
/home/eslam/Documents/GitHub/school-hub/Application/Features/Student/Activity/Commands/AwardPointsCommand.cs(14,53): warning CS1998: This async method lacks 'await' operators and will run synchronously. Consider using the 'await' operator to await non-blocking API calls, or 'await Task.Run(...)' to do CPU-bound work on a background thread. [/home/eslam/Documents/GitHub/school-hub/API.csproj]
/home/eslam/Documents/GitHub/school-hub/Application/Features/Student/Badges/Queries/GetStudentBadgesQuery.cs(26,57): warning CS8602: Dereference of a possibly null reference. [/home/eslam/Documents/GitHub/school-hub/API.csproj]
/home/eslam/Documents/GitHub/school-hub/Application/Features/Student/Badges/Queries/GetStudentBadgesQuery.cs(35,67): warning CS8602: Dereference of a possibly null reference. [/home/eslam/Documents/GitHub/school-hub/API.csproj]
/home/eslam/Documents/GitHub/school-hub/Application/Features/Student/Badges/Queries/GetStudentBadgesQuery.cs(67,41): warning CS8604: Possible null reference argument for parameter 'value' in 'string EnumExtensions.GetDescription(Enum value)'. [/home/eslam/Documents/GitHub/school-hub/API.csproj]
/home/eslam/Documents/GitHub/school-hub/Application/Features/Student/Badges/Queries/GetStudentBadgesQuery.cs(68,51): warning CS8604: Possible null reference argument for parameter 'value' in 'string EnumExtensions.GetDescription(Enum value)'. [/home/eslam/Documents/GitHub/school-hub/API.csproj]
/home/eslam/Documents/GitHub/school-hub/Application/Features/Teacher/Portfolio/Commands/TogglePortfolioLikeCommand.cs(21,17): warning CS8602: Dereference of a possibly null reference. [/home/eslam/Documents/GitHub/school-hub/API.csproj]
/home/eslam/Documents/GitHub/school-hub/Application/Features/Student/Activity/Queries/GetPointsSummaryQuery.cs(24,63): warning CS8602: Dereference of a possibly null reference. [/home/eslam/Documents/GitHub/school-hub/API.csproj]
/home/eslam/Documents/GitHub/school-hub/Application/Features/Student/Activity/Queries/GetPointsSummaryQuery.cs(30,17): warning CS8602: Dereference of a possibly null reference. [/home/eslam/Documents/GitHub/school-hub/API.csproj]
/home/eslam/Documents/GitHub/school-hub/Application/Features/Student/Activity/Queries/GetPointsSummaryQuery.cs(38,17): warning CS8602: Dereference of a possibly null reference. [/home/eslam/Documents/GitHub/school-hub/API.csproj]
/home/eslam/Documents/GitHub/school-hub/Application/Features/Student/Activity/Queries/GetPointsSummaryQuery.cs(44,67): warning CS8602: Dereference of a possibly null reference. [/home/eslam/Documents/GitHub/school-hub/API.csproj]
/home/eslam/Documents/GitHub/school-hub/Application/Features/Student/Activity/Queries/GetPointsSummaryQuery.cs(47,41): warning CS8604: Possible null reference argument for parameter 'value' in 'string EnumExtensions.GetDescription(Enum value)'. [/home/eslam/Documents/GitHub/school-hub/API.csproj]
/home/eslam/Documents/GitHub/school-hub/Application/Features/Student/Activity/Queries/GetPointsSummaryQuery.cs(51,66): warning CS8602: Dereference of a possibly null reference. [/home/eslam/Documents/GitHub/school-hub/API.csproj]
/home/eslam/Documents/GitHub/school-hub/Application/Features/Student/Badges/Queries/GetStudentBadgesCountQuery.cs(20,14): error CS1061: 'IQueryable<StudentBadges>' does not contain a definition for 'CountAsync' and no accessible extension method 'CountAsync' accepting a first argument of type 'IQueryable<StudentBadges>' could be found (are you missing a using directive or an assembly reference?) [/home/eslam/Documents/GitHub/school-hub/API.csproj]
/home/eslam/Documents/GitHub/school-hub/Application/Features/Student/Badges/Queries/GetStudentBadgesCountQuery.cs(19,60): warning CS8602: Dereference of a possibly null reference. [/home/eslam/Documents/GitHub/school-hub/API.csproj]
/home/eslam/Documents/GitHub/school-hub/Application/Features/Admin/DashboardStats/Queries/GetDashboardStatsQuery.cs(23,55): warning CS8603: Possible null reference return. [/home/eslam/Documents/GitHub/school-hub/API.csproj]
/home/eslam/Documents/GitHub/school-hub/Application/Features/Student/Badges/Commands/AwardBadgeCommand.cs(22,53): warning CS8602: Dereference of a possibly null reference. [/home/eslam/Documents/GitHub/school-hub/API.csproj]
/home/eslam/Documents/GitHub/school-hub/Application/Features/Student/Badges/Commands/AwardBadgeCommand.cs(30,13): warning CS8602: Dereference of a possibly null reference. [/home/eslam/Documents/GitHub/school-hub/API.csproj]
/home/eslam/Documents/GitHub/school-hub/Application/Features/Student/Challenges/Commands/SubmitChallengeCommand.cs(25,13): warning CS8602: Dereference of a possibly null reference. [/home/eslam/Documents/GitHub/school-hub/API.csproj]
/home/eslam/Documents/GitHub/school-hub/Application/Features/Student/Challenges/Commands/SubmitChallengeCommand.cs(33,61): warning CS8602: Dereference of a possibly null reference. [/home/eslam/Documents/GitHub/school-hub/API.csproj]
/home/eslam/Documents/GitHub/school-hub/Application/Features/Student/Progress/Queries/GetStudentProgressQuery.cs(34,63): warning CS8602: Dereference of a possibly null reference. [/home/eslam/Documents/GitHub/school-hub/API.csproj]
/home/eslam/Documents/GitHub/school-hub/Application/Features/Student/Progress/Queries/GetStudentProgressQuery.cs(38,67): warning CS8602: Dereference of a possibly null reference. [/home/eslam/Documents/GitHub/school-hub/API.csproj]
/home/eslam/Documents/GitHub/school-hub/Application/Features/Student/Progress/Queries/GetStudentProgressQuery.cs(41,41): warning CS8604: Possible null reference argument for parameter 'value' in 'string EnumExtensions.GetDescription(Enum value)'. [/home/eslam/Documents/GitHub/school-hub/API.csproj]
/home/eslam/Documents/GitHub/school-hub/Application/Features/Student/Progress/Queries/GetStudentProgressQuery.cs(47,61): warning CS8602: Dereference of a possibly null reference. [/home/eslam/Documents/GitHub/school-hub/API.csproj]
/home/eslam/Documents/GitHub/school-hub/Application/Features/Student/Progress/Queries/GetStudentProgressQuery.cs(48,69): warning CS8602: Dereference of a possibly null reference. [/home/eslam/Documents/GitHub/school-hub/API.csproj]
/home/eslam/Documents/GitHub/school-hub/Application/Features/Student/Progress/Queries/GetStudentProgressQuery.cs(63,59): warning CS8602: Dereference of a possibly null reference. [/home/eslam/Documents/GitHub/school-hub/API.csproj]
/home/eslam/Documents/GitHub/school-hub/Application/Features/Student/Progress/Queries/GetStudentProgressQuery.cs(64,67): warning CS8602: Dereference of a possibly null reference. [/home/eslam/Documents/GitHub/school-hub/API.csproj]
/home/eslam/Documents/GitHub/school-hub/Application/Features/Student/Progress/Queries/GetStudentProgressQuery.cs(78,67): warning CS8602: Dereference of a possibly null reference. [/home/eslam/Documents/GitHub/school-hub/API.csproj]
/home/eslam/Documents/GitHub/school-hub/Application/Features/Student/Progress/Queries/GetStudentProgressQuery.cs(83,64): warning CS8602: Dereference of a possibly null reference. [/home/eslam/Documents/GitHub/school-hub/API.csproj]
/home/eslam/Documents/GitHub/school-hub/Application/Features/Student/Progress/Queries/GetStudentProgressQuery.cs(83,112): warning CS8629: Nullable value type may be null. [/home/eslam/Documents/GitHub/school-hub/API.csproj]
/home/eslam/Documents/GitHub/school-hub/Application/Features/Student/Progress/Queries/GetStudentProgressQuery.cs(89,32): warning CS8714: The type 'long?' cannot be used as type parameter 'TKey' in the generic type or method 'Enumerable.ToDictionary<TSource, TKey, TElement>(IEnumerable<TSource>, Func<TSource, TKey>, Func<TSource, TElement>)'. Nullability of type argument 'long?' doesn't match 'notnull' constraint. [/home/eslam/Documents/GitHub/school-hub/API.csproj]
/home/eslam/Documents/GitHub/school-hub/Application/Features/Student/Progress/Queries/GetStudentProgressQuery.cs(108,69): warning CS8602: Dereference of a possibly null reference. [/home/eslam/Documents/GitHub/school-hub/API.csproj]
/home/eslam/Documents/GitHub/school-hub/Application/Features/Student/Progress/Queries/GetStudentProgressQuery.cs(120,67): warning CS8602: Dereference of a possibly null reference. [/home/eslam/Documents/GitHub/school-hub/API.csproj]
/home/eslam/Documents/GitHub/school-hub/Application/Features/Student/Challenges/Queries/GetActiveChallengesQuery.cs(26,62): warning CS8602: Dereference of a possibly null reference. [/home/eslam/Documents/GitHub/school-hub/API.csproj]
/home/eslam/Documents/GitHub/school-hub/Application/Features/Student/Challenges/Queries/GetActiveChallengesQuery.cs(29,78): warning CS8602: Dereference of a possibly null reference. [/home/eslam/Documents/GitHub/school-hub/API.csproj]
/home/eslam/Documents/GitHub/school-hub/Application/Features/Student/Activity/Queries/GetActivityStreakQuery.cs(22,69): warning CS8602: Dereference of a possibly null reference. [/home/eslam/Documents/GitHub/school-hub/API.csproj]
/home/eslam/Documents/GitHub/school-hub/Application/Features/Student/Challenges/Commands/JoinChallengeCommand.cs(23,61): warning CS8602: Dereference of a possibly null reference. [/home/eslam/Documents/GitHub/school-hub/API.csproj]
/home/eslam/Documents/GitHub/school-hub/Application/Features/Student/Challenges/Commands/JoinChallengeCommand.cs(31,13): warning CS8602: Dereference of a possibly null reference. [/home/eslam/Documents/GitHub/school-hub/API.csproj]
/home/eslam/Documents/GitHub/school-hub/Application/Features/Teacher/Portfolio/Queries/GetStudentPortfolioQuery.cs(32,53): warning CS8602: Dereference of a possibly null reference. [/home/eslam/Documents/GitHub/school-hub/API.csproj]
/home/eslam/Documents/GitHub/school-hub/Application/Features/Teacher/Portfolio/Queries/GetStudentPortfolioQuery.cs(36,57): warning CS8602: Dereference of a possibly null reference. [/home/eslam/Documents/GitHub/school-hub/API.csproj]
/home/eslam/Documents/GitHub/school-hub/Application/Features/Teacher/Portfolio/Queries/GetStudentPortfolioQuery.cs(40,61): warning CS8602: Dereference of a possibly null reference. [/home/eslam/Documents/GitHub/school-hub/API.csproj]
/home/eslam/Documents/GitHub/school-hub/Application/Features/Teacher/Portfolio/Queries/GetStudentPortfolioQuery.cs(71,57): warning CS8602: Dereference of a possibly null reference. [/home/eslam/Documents/GitHub/school-hub/API.csproj]
/home/eslam/Documents/GitHub/school-hub/Application/Features/Teacher/Portfolio/Queries/GetStudentPortfolioQuery.cs(74,54): warning CS8602: Dereference of a possibly null reference. [/home/eslam/Documents/GitHub/school-hub/API.csproj]
/home/eslam/Documents/GitHub/school-hub/Application/Features/Student/PortfolioBook/Queries/GetPortfolioBookQuery.cs(13,65): warning CS1998: This async method lacks 'await' operators and will run synchronously. Consider using the 'await' operator to await non-blocking API calls, or 'await Task.Run(...)' to do CPU-bound work on a background thread. [/home/eslam/Documents/GitHub/school-hub/API.csproj]
/home/eslam/Documents/GitHub/school-hub/Application/Features/Admin/GetAdminKPI/Queries/GetAdminKPIQuery.cs(28,46): warning CS8604: Possible null reference argument for parameter 'source' in 'int Enumerable.Count<Badges>(IEnumerable<Badges> source)'. [/home/eslam/Documents/GitHub/school-hub/API.csproj]
/home/eslam/Documents/GitHub/school-hub/Application/Features/Admin/GetAdminKPI/Queries/GetAdminKPIQuery.cs(32,56): warning CS8604: Possible null reference argument for parameter 'data' in 'RequestResult<GetAdminKPIRespone> RequestResult<GetAdminKPIRespone>.Success(GetAdminKPIRespone data)'. [/home/eslam/Documents/GitHub/school-hub/API.csproj]
/home/eslam/Documents/GitHub/school-hub/Application/Features/Teacher/Portfolio/Commands/AwardPortfolioBadgeCommand.cs(25,53): warning CS8602: Dereference of a possibly null reference. [/home/eslam/Documents/GitHub/school-hub/API.csproj]
/home/eslam/Documents/GitHub/school-hub/Application/Features/Teacher/Portfolio/Commands/AwardPortfolioBadgeCommand.cs(32,17): warning CS8602: Dereference of a possibly null reference. [/home/eslam/Documents/GitHub/school-hub/API.csproj]
/home/eslam/Documents/GitHub/school-hub/Application/Features/Admin/SeedData/Commands/SeedDatabaseCommand.cs(24,47): warning CS9113: Parameter 'badgesRepository' is unread. [/home/eslam/Documents/GitHub/school-hub/API.csproj]
/home/eslam/Documents/GitHub/school-hub/Application/Features/Student/Goals/Commands/UpdateGoalProgressCommand.cs(13,53): warning CS1998: This async method lacks 'await' operators and will run synchronously. Consider using the 'await' operator to await non-blocking API calls, or 'await Task.Run(...)' to do CPU-bound work on a background thread. [/home/eslam/Documents/GitHub/school-hub/API.csproj]
/home/eslam/Documents/GitHub/school-hub/Application/Features/Student/Goals/Queries/GetStudentGoalsQuery.cs(14,69): warning CS1998: This async method lacks 'await' operators and will run synchronously. Consider using the 'await' operator to await non-blocking API calls, or 'await Task.Run(...)' to do CPU-bound work on a background thread. [/home/eslam/Documents/GitHub/school-hub/API.csproj]
/home/eslam/Documents/GitHub/school-hub/Application/Features/Student/PortfolioBook/Commands/SavePortfolioReflectionCommand.cs(13,71): warning CS1998: This async method lacks 'await' operators and will run synchronously. Consider using the 'await' operator to await non-blocking API calls, or 'await Task.Run(...)' to do CPU-bound work on a background thread. [/home/eslam/Documents/GitHub/school-hub/API.csproj]
/home/eslam/Documents/GitHub/school-hub/Application/Features/Student/PortfolioBook/Commands/SavePortfolioProjectCommand.cs(13,68): warning CS1998: This async method lacks 'await' operators and will run synchronously. Consider using the 'await' operator to await non-blocking API calls, or 'await Task.Run(...)' to do CPU-bound work on a background thread. [/home/eslam/Documents/GitHub/school-hub/API.csproj]
/home/eslam/Documents/GitHub/school-hub/Application/Features/Student/Goals/Commands/CreateGoalCommand.cs(14,63): warning CS1998: This async method lacks 'await' operators and will run synchronously. Consider using the 'await' operator to await non-blocking API calls, or 'await Task.Run(...)' to do CPU-bound work on a background thread. [/home/eslam/Documents/GitHub/school-hub/API.csproj]
/home/eslam/Documents/GitHub/school-hub/Application/Features/Student/Notebook/Queries/GetNotebookEntriesQuery.cs(14,71): warning CS1998: This async method lacks 'await' operators and will run synchronously. Consider using the 'await' operator to await non-blocking API calls, or 'await Task.Run(...)' to do CPU-bound work on a background thread. [/home/eslam/Documents/GitHub/school-hub/API.csproj]
/home/eslam/Documents/GitHub/school-hub/Application/Features/Student/PortfolioBook/Commands/SavePortfolioProfileCommand.cs(13,68): warning CS1998: This async method lacks 'await' operators and will run synchronously. Consider using the 'await' operator to await non-blocking API calls, or 'await Task.Run(...)' to do CPU-bound work on a background thread. [/home/eslam/Documents/GitHub/school-hub/API.csproj]
/home/eslam/Documents/GitHub/school-hub/Application/Features/Student/Notifications/Queries/GetNotificationsQuery.cs(14,70): warning CS1998: This async method lacks 'await' operators and will run synchronously. Consider using the 'await' operator to await non-blocking API calls, or 'await Task.Run(...)' to do CPU-bound work on a background thread. [/home/eslam/Documents/GitHub/school-hub/API.csproj]
/home/eslam/Documents/GitHub/school-hub/Application/Features/Student/Portfolio/Queries/GetSubjectPortfolioQuery.cs(19,61): warning CS9113: Parameter 'studentBadgesRepository' is unread. [/home/eslam/Documents/GitHub/school-hub/API.csproj]
/home/eslam/Documents/GitHub/school-hub/Application/Features/Student/PortfolioBook/Commands/SavePortfolioLearningStyleCommand.cs(13,74): warning CS1998: This async method lacks 'await' operators and will run synchronously. Consider using the 'await' operator to await non-blocking API calls, or 'await Task.Run(...)' to do CPU-bound work on a background thread. [/home/eslam/Documents/GitHub/school-hub/API.csproj]
/home/eslam/Documents/GitHub/school-hub/Application/Features/Student/Notifications/Commands/MarkNotificationAsReadCommand.cs(13,53): warning CS1998: This async method lacks 'await' operators and will run synchronously. Consider using the 'await' operator to await non-blocking API calls, or 'await Task.Run(...)' to do CPU-bound work on a background thread. [/home/eslam/Documents/GitHub/school-hub/API.csproj]
/home/eslam/Documents/GitHub/school-hub/Application/Features/Student/PortfolioBook/Commands/SavePortfolioJourneyCommand.cs(13,73): warning CS1998: This async method lacks 'await' operators and will run synchronously. Consider using the 'await' operator to await non-blocking API calls, or 'await Task.Run(...)' to do CPU-bound work on a background thread. [/home/eslam/Documents/GitHub/school-hub/API.csproj]
/home/eslam/Documents/GitHub/school-hub/Application/Features/Student/PortfolioBook/Commands/SavePortfolioAssignmentCommand.cs(13,71): warning CS1998: This async method lacks 'await' operators and will run synchronously. Consider using the 'await' operator to await non-blocking API calls, or 'await Task.Run(...)' to do CPU-bound work on a background thread. [/home/eslam/Documents/GitHub/school-hub/API.csproj]
/home/eslam/Documents/GitHub/school-hub/Application/Features/Student/PortfolioBook/Commands/SavePortfolioGoalsCommand.cs(13,66): warning CS1998: This async method lacks 'await' operators and will run synchronously. Consider using the 'await' operator to await non-blocking API calls, or 'await Task.Run(...)' to do CPU-bound work on a background thread. [/home/eslam/Documents/GitHub/school-hub/API.csproj]
/home/eslam/Documents/GitHub/school-hub/Application/Features/Admin/SeedData/Commands/SeedDatabaseCommand.cs(78,39): warning CS1998: This async method lacks 'await' operators and will run synchronously. Consider using the 'await' operator to await non-blocking API calls, or 'await Task.Run(...)' to do CPU-bound work on a background thread. [/home/eslam/Documents/GitHub/school-hub/API.csproj]
/home/eslam/Documents/GitHub/school-hub/Application/Features/Admin/SeedData/Commands/SeedDatabaseCommand.cs(94,40): warning CS1998: This async method lacks 'await' operators and will run synchronously. Consider using the 'await' operator to await non-blocking API calls, or 'await Task.Run(...)' to do CPU-bound work on a background thread. [/home/eslam/Documents/GitHub/school-hub/API.csproj]
/home/eslam/Documents/GitHub/school-hub/Application/Features/Student/Notebook/Commands/SaveNotebookEntryCommand.cs(14,65): warning CS1998: This async method lacks 'await' operators and will run synchronously. Consider using the 'await' operator to await non-blocking API calls, or 'await Task.Run(...)' to do CPU-bound work on a background thread. [/home/eslam/Documents/GitHub/school-hub/API.csproj]
/home/eslam/Documents/GitHub/school-hub/Application/Features/Student/Notebook/Commands/DeleteNotebookEntryCommand.cs(13,53): warning CS1998: This async method lacks 'await' operators and will run synchronously. Consider using the 'await' operator to await non-blocking API calls, or 'await Task.Run(...)' to do CPU-bound work on a background thread. [/home/eslam/Documents/GitHub/school-hub/API.csproj]
/home/eslam/Documents/GitHub/school-hub/Application/Features/Student/Portfolio/Queries/GetStudentFeedbackCountQuery.cs(20,14): error CS1061: 'IQueryable<TeacherFeedback>' does not contain a definition for 'CountAsync' and no accessible extension method 'CountAsync' accepting a first argument of type 'IQueryable<TeacherFeedback>' could be found (are you missing a using directive or an assembly reference?) [/home/eslam/Documents/GitHub/school-hub/API.csproj]
/home/eslam/Documents/GitHub/school-hub/Application/Features/Student/Portfolio/Queries/GetStudentFeedbackCountQuery.cs(19,55): warning CS8602: Dereference of a possibly null reference. [/home/eslam/Documents/GitHub/school-hub/API.csproj]
/home/eslam/Documents/GitHub/school-hub/Application/Features/Student/Portfolio/Queries/GetAllActiveSubjectsQuery.cs(30,58): warning CS8602: Dereference of a possibly null reference. [/home/eslam/Documents/GitHub/school-hub/API.csproj]
/home/eslam/Documents/GitHub/school-hub/Application/Features/Student/Portfolio/Commands/DeletePortfolioFileCommand.cs(21,58): warning CS8602: Dereference of a possibly null reference. [/home/eslam/Documents/GitHub/school-hub/API.csproj]
/home/eslam/Documents/GitHub/school-hub/Application/Features/Student/Portfolio/Commands/SaveReflectionCommand.cs(16,62): warning CS1998: This async method lacks 'await' operators and will run synchronously. Consider using the 'await' operator to await non-blocking API calls, or 'await Task.Run(...)' to do CPU-bound work on a background thread. [/home/eslam/Documents/GitHub/school-hub/API.csproj]
/home/eslam/Documents/GitHub/school-hub/Application/Features/Student/Portfolio/Commands/UploadPortfolioFileCommand.cs(17,65): warning CS1998: This async method lacks 'await' operators and will run synchronously. Consider using the 'await' operator to await non-blocking API calls, or 'await Task.Run(...)' to do CPU-bound work on a background thread. [/home/eslam/Documents/GitHub/school-hub/API.csproj]
/home/eslam/Documents/GitHub/school-hub/Application/Features/Student/Portfolio/Queries/GetStudentPortfolioFilesQuery.cs(21,61): warning CS8602: Dereference of a possibly null reference. [/home/eslam/Documents/GitHub/school-hub/API.csproj]
/home/eslam/Documents/GitHub/school-hub/Application/Features/Admin/SeedData/Commands/SeedDatabaseCommand.cs(110,52): warning CS1998: This async method lacks 'await' operators and will run synchronously. Consider using the 'await' operator to await non-blocking API calls, or 'await Task.Run(...)' to do CPU-bound work on a background thread. [/home/eslam/Documents/GitHub/school-hub/API.csproj]
/home/eslam/Documents/GitHub/school-hub/Application/Features/Student/Missions/Queries/GetMissionDetailsQuery.cs(26,57): warning CS8602: Dereference of a possibly null reference. [/home/eslam/Documents/GitHub/school-hub/API.csproj]
/home/eslam/Documents/GitHub/school-hub/Application/Features/Student/Missions/Queries/GetMissionDetailsQuery.cs(30,58): warning CS8602: Dereference of a possibly null reference. [/home/eslam/Documents/GitHub/school-hub/API.csproj]
/home/eslam/Documents/GitHub/school-hub/Application/Features/Student/Missions/Queries/GetMissionDetailsQuery.cs(33,53): warning CS8602: Dereference of a possibly null reference. [/home/eslam/Documents/GitHub/school-hub/API.csproj]
/home/eslam/Documents/GitHub/school-hub/Application/Features/Student/Missions/Queries/GetMissionDetailsQuery.cs(36,62): warning CS8602: Dereference of a possibly null reference. [/home/eslam/Documents/GitHub/school-hub/API.csproj]
/home/eslam/Documents/GitHub/school-hub/Application/Features/Student/Missions/Queries/GetMissionDetailsQuery.cs(40,77): warning CS8602: Dereference of a possibly null reference. [/home/eslam/Documents/GitHub/school-hub/API.csproj]
/home/eslam/Documents/GitHub/school-hub/Application/Features/Admin/SeedData/Commands/SeedDatabaseCommand.cs(177,24): warning CS1998: This async method lacks 'await' operators and will run synchronously. Consider using the 'await' operator to await non-blocking API calls, or 'await Task.Run(...)' to do CPU-bound work on a background thread. [/home/eslam/Documents/GitHub/school-hub/API.csproj]
/home/eslam/Documents/GitHub/school-hub/Application/Features/Student/Missions/Queries/GetAllMissionsQuery.cs(25,58): warning CS8602: Dereference of a possibly null reference. [/home/eslam/Documents/GitHub/school-hub/API.csproj]
/home/eslam/Documents/GitHub/school-hub/Application/Features/Student/Missions/Queries/GetAllMissionsQuery.cs(28,61): warning CS8602: Dereference of a possibly null reference. [/home/eslam/Documents/GitHub/school-hub/API.csproj]
/home/eslam/Documents/GitHub/school-hub/Application/Features/Admin/SeedData/Commands/SeedDatabaseCommand.cs(203,67): warning CS1998: This async method lacks 'await' operators and will run synchronously. Consider using the 'await' operator to await non-blocking API calls, or 'await Task.Run(...)' to do CPU-bound work on a background thread. [/home/eslam/Documents/GitHub/school-hub/API.csproj]
/home/eslam/Documents/GitHub/school-hub/Application/Features/Student/Portfolio/Queries/GetSubjectPortfolioQuery.cs(28,57): warning CS8602: Dereference of a possibly null reference. [/home/eslam/Documents/GitHub/school-hub/API.csproj]
/home/eslam/Documents/GitHub/school-hub/Application/Features/Student/Portfolio/Queries/GetSubjectPortfolioQuery.cs(33,61): warning CS8602: Dereference of a possibly null reference. [/home/eslam/Documents/GitHub/school-hub/API.csproj]
/home/eslam/Documents/GitHub/school-hub/Application/Features/Student/Portfolio/Queries/GetSubjectPortfolioQuery.cs(49,64): warning CS8602: Dereference of a possibly null reference. [/home/eslam/Documents/GitHub/school-hub/API.csproj]
/home/eslam/Documents/GitHub/school-hub/Application/Features/Admin/SeedData/Commands/SeedDatabaseCommand.cs(219,42): warning CS1998: This async method lacks 'await' operators and will run synchronously. Consider using the 'await' operator to await non-blocking API calls, or 'await Task.Run(...)' to do CPU-bound work on a background thread. [/home/eslam/Documents/GitHub/school-hub/API.csproj]
/home/eslam/Documents/GitHub/school-hub/Application/Features/Student/Missions/Commands/UpdateMissionProgressCommand.cs(29,65): warning CS8602: Dereference of a possibly null reference. [/home/eslam/Documents/GitHub/school-hub/API.csproj]
/home/eslam/Documents/GitHub/school-hub/Application/Features/Student/Missions/Commands/UpdateMissionProgressCommand.cs(34,71): warning CS8602: Dereference of a possibly null reference. [/home/eslam/Documents/GitHub/school-hub/API.csproj]
/home/eslam/Documents/GitHub/school-hub/Application/Features/Student/Missions/Commands/UpdateMissionProgressCommand.cs(50,13): warning CS8602: Dereference of a possibly null reference. [/home/eslam/Documents/GitHub/school-hub/API.csproj]
/home/eslam/Documents/GitHub/school-hub/Application/Features/Student/Missions/Commands/UpdateMissionProgressCommand.cs(93,61): warning CS8602: Dereference of a possibly null reference. [/home/eslam/Documents/GitHub/school-hub/API.csproj]
/home/eslam/Documents/GitHub/school-hub/Application/Features/Student/Missions/Commands/UpdateMissionProgressCommand.cs(97,21): warning CS8602: Dereference of a possibly null reference. [/home/eslam/Documents/GitHub/school-hub/API.csproj]
/home/eslam/Documents/GitHub/school-hub/Application/Features/Student/Missions/Commands/UpdateMissionProgressCommand.cs(103,65): warning CS8602: Dereference of a possibly null reference. [/home/eslam/Documents/GitHub/school-hub/API.csproj]
/home/eslam/Documents/GitHub/school-hub/Application/Features/Student/Dashboard/Queries/GetStudentDashboardQuery.cs(37,53): warning CS8602: Dereference of a possibly null reference. [/home/eslam/Documents/GitHub/school-hub/API.csproj]
/home/eslam/Documents/GitHub/school-hub/Application/Features/Student/Dashboard/Queries/GetStudentDashboardQuery.cs(41,67): warning CS8602: Dereference of a possibly null reference. [/home/eslam/Documents/GitHub/school-hub/API.csproj]
/home/eslam/Documents/GitHub/school-hub/Application/Features/Student/Dashboard/Queries/GetStudentDashboardQuery.cs(51,34): warning CS8604: Possible null reference argument for parameter 'value' in 'string EnumExtensions.GetDescription(Enum value)'. [/home/eslam/Documents/GitHub/school-hub/API.csproj]
/home/eslam/Documents/GitHub/school-hub/Application/Features/Student/Dashboard/Queries/GetStudentDashboardQuery.cs(55,66): warning CS8602: Dereference of a possibly null reference. [/home/eslam/Documents/GitHub/school-hub/API.csproj]
/home/eslam/Documents/GitHub/school-hub/Application/Features/Student/Dashboard/Queries/GetStudentDashboardQuery.cs(57,74): warning CS8602: Dereference of a possibly null reference. [/home/eslam/Documents/GitHub/school-hub/API.csproj]
/home/eslam/Documents/GitHub/school-hub/Application/Features/Student/Dashboard/Queries/GetStudentDashboardQuery.cs(59,70): warning CS8602: Dereference of a possibly null reference. [/home/eslam/Documents/GitHub/school-hub/API.csproj]
/home/eslam/Documents/GitHub/school-hub/Application/Features/Student/Dashboard/Queries/GetStudentDashboardQuery.cs(61,63): warning CS8602: Dereference of a possibly null reference. [/home/eslam/Documents/GitHub/school-hub/API.csproj]
/home/eslam/Documents/GitHub/school-hub/Application/Features/Student/Dashboard/Queries/GetStudentDashboardQuery.cs(79,17): warning CS8602: Dereference of a possibly null reference. [/home/eslam/Documents/GitHub/school-hub/API.csproj]
/home/eslam/Documents/GitHub/school-hub/Application/Features/Student/Dashboard/Queries/GetStudentDashboardQuery.cs(96,23): warning CS8602: Dereference of a possibly null reference. [/home/eslam/Documents/GitHub/school-hub/API.csproj]
/home/eslam/Documents/GitHub/school-hub/Application/Features/Student/Dashboard/Queries/GetStudentDashboardQuery.cs(100,98): warning CS8602: Dereference of a possibly null reference. [/home/eslam/Documents/GitHub/school-hub/API.csproj]
/home/eslam/Documents/GitHub/school-hub/Application/Features/Student/Dashboard/Queries/GetStudentDashboardQuery.cs(118,23): warning CS8602: Dereference of a possibly null reference. [/home/eslam/Documents/GitHub/school-hub/API.csproj]
/home/eslam/Documents/GitHub/school-hub/Application/Features/Student/Dashboard/Queries/GetStudentDashboardQuery.cs(124,84): warning CS8602: Dereference of a possibly null reference. [/home/eslam/Documents/GitHub/school-hub/API.csproj]
/home/eslam/Documents/GitHub/school-hub/Application/Features/Admin/SeedData/Commands/SeedDatabaseCommand.cs(233,24): warning CS1998: This async method lacks 'await' operators and will run synchronously. Consider using the 'await' operator to await non-blocking API calls, or 'await Task.Run(...)' to do CPU-bound work on a background thread. [/home/eslam/Documents/GitHub/school-hub/API.csproj]
/home/eslam/Documents/GitHub/school-hub/Application/Features/Admin/SeedData/Commands/SeedDatabaseCommand.cs(261,24): warning CS1998: This async method lacks 'await' operators and will run synchronously. Consider using the 'await' operator to await non-blocking API calls, or 'await Task.Run(...)' to do CPU-bound work on a background thread. [/home/eslam/Documents/GitHub/school-hub/API.csproj]
/home/eslam/Documents/GitHub/school-hub/Application/Features/Admin/SeedData/Commands/SeedDatabaseCommand.cs(289,24): warning CS1998: This async method lacks 'await' operators and will run synchronously. Consider using the 'await' operator to await non-blocking API calls, or 'await Task.Run(...)' to do CPU-bound work on a background thread. [/home/eslam/Documents/GitHub/school-hub/API.csproj]
/home/eslam/Documents/GitHub/school-hub/Application/Features/Admin/SeedData/Commands/SeedDatabaseCommand.cs(317,24): warning CS1998: This async method lacks 'await' operators and will run synchronously. Consider using the 'await' operator to await non-blocking API calls, or 'await Task.Run(...)' to do CPU-bound work on a background thread. [/home/eslam/Documents/GitHub/school-hub/API.csproj]
/home/eslam/Documents/GitHub/school-hub/Application/Features/Admin/SeedData/Commands/SeedDatabaseCommand.cs(346,24): warning CS1998: This async method lacks 'await' operators and will run synchronously. Consider using the 'await' operator to await non-blocking API calls, or 'await Task.Run(...)' to do CPU-bound work on a background thread. [/home/eslam/Documents/GitHub/school-hub/API.csproj]
/home/eslam/Documents/GitHub/school-hub/Application/Features/Admin/Portfolio/Queries/GetPortfolioCompletionStatsQuery.cs(39,59): warning CS8629: Nullable value type may be null. [/home/eslam/Documents/GitHub/school-hub/API.csproj]

Build FAILED.

/home/eslam/Documents/GitHub/school-hub/Migrations/20251001190420_init.cs(8,26): warning CS8981: The type name 'init' only contains lower-cased ascii characters. Such names may become reserved for the language. [/home/eslam/Documents/GitHub/school-hub/API.csproj]
/home/eslam/Documents/GitHub/school-hub/Migrations/20251001190420_init.Designer.cs(16,19): warning CS8981: The type name 'init' only contains lower-cased ascii characters. Such names may become reserved for the language. [/home/eslam/Documents/GitHub/school-hub/API.csproj]
/home/eslam/Documents/GitHub/school-hub/Infrastructure/Persistence/Repositories/IRepository.cs(8,62): warning CS8625: Cannot convert null literal to non-nullable reference type. [/home/eslam/Documents/GitHub/school-hub/API.csproj]
/home/eslam/Documents/GitHub/school-hub/Infrastructure/Persistence/Repositories/IRepository.cs(11,73): warning CS8625: Cannot convert null literal to non-nullable reference type. [/home/eslam/Documents/GitHub/school-hub/API.csproj]
/home/eslam/Documents/GitHub/school-hub/Infrastructure/Persistence/Repositories/IRepository.cs(13,67): warning CS8625: Cannot convert null literal to non-nullable reference type. [/home/eslam/Documents/GitHub/school-hub/API.csproj]
/home/eslam/Documents/GitHub/school-hub/Infrastructure/Persistence/Repositories/IRepository.cs(14,64): warning CS8625: Cannot convert null literal to non-nullable reference type. [/home/eslam/Documents/GitHub/school-hub/API.csproj]
/home/eslam/Documents/GitHub/school-hub/Infrastructure/Persistence/Repositories/Repository.cs(25,69): warning CS8625: Cannot convert null literal to non-nullable reference type. [/home/eslam/Documents/GitHub/school-hub/API.csproj]
/home/eslam/Documents/GitHub/school-hub/Infrastructure/Persistence/Repositories/Repository.cs(42,86): warning CS8625: Cannot convert null literal to non-nullable reference type. [/home/eslam/Documents/GitHub/school-hub/API.csproj]
/home/eslam/Documents/GitHub/school-hub/Infrastructure/Persistence/Repositories/Repository.cs(54,80): warning CS8625: Cannot convert null literal to non-nullable reference type. [/home/eslam/Documents/GitHub/school-hub/API.csproj]
/home/eslam/Documents/GitHub/school-hub/Infrastructure/Persistence/Repositories/Repository.cs(61,77): warning CS8625: Cannot convert null literal to non-nullable reference type. [/home/eslam/Documents/GitHub/school-hub/API.csproj]
/home/eslam/Documents/GitHub/school-hub/Domain/Entities/Users/Badges.cs(8,19): warning CS8618: Non-nullable property 'Name' must contain a non-null value when exiting constructor. Consider adding the 'required' modifier or declaring the property as nullable. [/home/eslam/Documents/GitHub/school-hub/API.csproj]
/home/eslam/Documents/GitHub/school-hub/Domain/Entities/Users/Badges.cs(9,19): warning CS8618: Non-nullable property 'Description' must contain a non-null value when exiting constructor. Consider adding the 'required' modifier or declaring the property as nullable. [/home/eslam/Documents/GitHub/school-hub/API.csproj]
/home/eslam/Documents/GitHub/school-hub/Domain/Entities/Users/Badges.cs(10,19): warning CS8618: Non-nullable property 'Icon' must contain a non-null value when exiting constructor. Consider adding the 'required' modifier or declaring the property as nullable. [/home/eslam/Documents/GitHub/school-hub/API.csproj]
/home/eslam/Documents/GitHub/school-hub/Shared/Models/RequestResult.cs(20,37): warning CS8604: Possible null reference argument for parameter 'Data' in 'RequestResult<T>.RequestResult(T Data, bool IsSuccess, string Message, ErrorCode ErrorCode)'. [/home/eslam/Documents/GitHub/school-hub/API.csproj]
/home/eslam/Documents/GitHub/school-hub/Shared/Models/RequestResult.cs(26,37): warning CS8604: Possible null reference argument for parameter 'Data' in 'RequestResult<T>.RequestResult(T Data, bool IsSuccess, string Message, ErrorCode ErrorCode)'. [/home/eslam/Documents/GitHub/school-hub/API.csproj]
/home/eslam/Documents/GitHub/school-hub/Domain/UnitOfWork/UnitOfWork.cs(48,26): warning CS0168: The variable 'ex' is declared but never used [/home/eslam/Documents/GitHub/school-hub/API.csproj]
/home/eslam/Documents/GitHub/school-hub/Shared/Models/RequestResult.cs(31,37): warning CS8604: Possible null reference argument for parameter 'Data' in 'RequestResult<T>.RequestResult(T Data, bool IsSuccess, string Message, ErrorCode ErrorCode)'. [/home/eslam/Documents/GitHub/school-hub/API.csproj]
/home/eslam/Documents/GitHub/school-hub/Shared/Models/RequestResult.cs(36,37): warning CS8604: Possible null reference argument for parameter 'Data' in 'RequestResult<T>.RequestResult(T Data, bool IsSuccess, string Message, ErrorCode ErrorCode)'. [/home/eslam/Documents/GitHub/school-hub/API.csproj]
/home/eslam/Documents/GitHub/school-hub/Shared/Models/RequestResult.cs(36,53): warning CS8625: Cannot convert null literal to non-nullable reference type. [/home/eslam/Documents/GitHub/school-hub/API.csproj]
/home/eslam/Documents/GitHub/school-hub/Application/Features/User/Register/Queries/GetUserNameQuery.cs(21,43): warning CS8602: Dereference of a possibly null reference. [/home/eslam/Documents/GitHub/school-hub/API.csproj]
/home/eslam/Documents/GitHub/school-hub/Helpers/ConfigurationHelper.cs(14,16): warning CS8603: Possible null reference return. [/home/eslam/Documents/GitHub/school-hub/API.csproj]
/home/eslam/Documents/GitHub/school-hub/Helpers/ConfigurationHelper.cs(20,16): warning CS8603: Possible null reference return. [/home/eslam/Documents/GitHub/school-hub/API.csproj]
/home/eslam/Documents/GitHub/school-hub/Infrastructure/Persistence/Repositories/Repository.cs(27,16): warning CS8619: Nullability of reference types in value of type 'IQueryable<T?>' doesn't match target type 'IQueryable<T>'. [/home/eslam/Documents/GitHub/school-hub/API.csproj]
/home/eslam/Documents/GitHub/school-hub/Helpers/ConfigurationHelper.cs(25,16): warning CS8603: Possible null reference return. [/home/eslam/Documents/GitHub/school-hub/API.csproj]
/home/eslam/Documents/GitHub/school-hub/Helpers/ConfigurationHelper.cs(36,43): warning CS8602: Dereference of a possibly null reference. [/home/eslam/Documents/GitHub/school-hub/API.csproj]
/home/eslam/Documents/GitHub/school-hub/Helpers/ConfigurationHelper.cs(5,35): warning CS8618: Non-nullable field '_configuration' must contain a non-null value when exiting constructor. Consider adding the 'required' modifier or declaring the field as nullable. [/home/eslam/Documents/GitHub/school-hub/API.csproj]
/home/eslam/Documents/GitHub/school-hub/Infrastructure/Cache/HybridCacheRepository.cs(22,91): warning CS8625: Cannot convert null literal to non-nullable reference type. [/home/eslam/Documents/GitHub/school-hub/API.csproj]
/home/eslam/Documents/GitHub/school-hub/Infrastructure/Cache/HybridCacheRepository.cs(28,20): warning CS8603: Possible null reference return. [/home/eslam/Documents/GitHub/school-hub/API.csproj]
/home/eslam/Documents/GitHub/school-hub/Extensions/CAPExtensions.cs(20,35): warning CS8604: Possible null reference argument for parameter 'connectionString' in 'CapOptions CapOptionsExtensions.UsePostgreSql(CapOptions options, string connectionString)'. [/home/eslam/Documents/GitHub/school-hub/API.csproj]
/home/eslam/Documents/GitHub/school-hub/Shared/Models/EndPointResponse.cs(21,40): warning CS8604: Possible null reference argument for parameter 'Data' in 'EndPointResponse<T>.EndPointResponse(T Data, bool IsSuccess, string Message, ErrorCode ErrorCode, bool IsAuthorized)'. [/home/eslam/Documents/GitHub/school-hub/API.csproj]
/home/eslam/Documents/GitHub/school-hub/Application/Features/User/Login/Queries/GetUserByUserNameQuery.cs(23,50): warning CS8602: Dereference of a possibly null reference. [/home/eslam/Documents/GitHub/school-hub/API.csproj]
/home/eslam/Documents/GitHub/school-hub/Application/Features/User/Login/Queries/GetUserByUserNameQuery.cs(28,16): warning CS8603: Possible null reference return. [/home/eslam/Documents/GitHub/school-hub/API.csproj]
/home/eslam/Documents/GitHub/school-hub/Shared/Models/EndPointResponse.cs(26,40): warning CS8604: Possible null reference argument for parameter 'Data' in 'EndPointResponse<T>.EndPointResponse(T Data, bool IsSuccess, string Message, ErrorCode ErrorCode, bool IsAuthorized)'. [/home/eslam/Documents/GitHub/school-hub/API.csproj]
/home/eslam/Documents/GitHub/school-hub/Infrastructure/Persistence/Repositories/Repository.cs(39,63): warning CS8602: Dereference of a possibly null reference. [/home/eslam/Documents/GitHub/school-hub/API.csproj]
/home/eslam/Documents/GitHub/school-hub/Filters/JwtEndpointFilter.cs(130,31): warning CS1998: This async method lacks 'await' operators and will run synchronously. Consider using the 'await' operator to await non-blocking API calls, or 'await Task.Run(...)' to do CPU-bound work on a background thread. [/home/eslam/Documents/GitHub/school-hub/API.csproj]
/home/eslam/Documents/GitHub/school-hub/Infrastructure/Persistence/Repositories/Repository.cs(51,52): warning CS8602: Dereference of a possibly null reference. [/home/eslam/Documents/GitHub/school-hub/API.csproj]
/home/eslam/Documents/GitHub/school-hub/Infrastructure/Persistence/Repositories/Repository.cs(65,48): warning CS8620: Argument of type 'Expression<Func<T, bool>>' cannot be used for parameter 'predicate' of type 'Expression<Func<T?, bool>>' in 'Task<int> EntityFrameworkQueryableExtensions.CountAsync<T?>(IQueryable<T?> source, Expression<Func<T?, bool>> predicate, CancellationToken cancellationToken = default(CancellationToken))' due to differences in the nullability of reference types. [/home/eslam/Documents/GitHub/school-hub/API.csproj]
/home/eslam/Documents/GitHub/school-hub/Filters/JwtEndpointFilter.cs(171,39): warning CS8600: Converting null literal or possible null value to non-nullable type. [/home/eslam/Documents/GitHub/school-hub/API.csproj]
/home/eslam/Documents/GitHub/school-hub/Extensions/HangfireExtensions.cs(58,53): warning CS8604: Possible null reference argument for parameter 'username' in 'HangfireAuthorizationFilter.HangfireAuthorizationFilter(string username, string password)'. [/home/eslam/Documents/GitHub/school-hub/API.csproj]
/home/eslam/Documents/GitHub/school-hub/Extensions/HangfireExtensions.cs(58,63): warning CS8604: Possible null reference argument for parameter 'password' in 'HangfireAuthorizationFilter.HangfireAuthorizationFilter(string username, string password)'. [/home/eslam/Documents/GitHub/school-hub/API.csproj]
/home/eslam/Documents/GitHub/school-hub/Application/Features/User/GetUsers/Queries/GetUsersQuery.cs(18,47): warning CS9113: Parameter 'badgesRepository' is unread. [/home/eslam/Documents/GitHub/school-hub/API.csproj]
/home/eslam/Documents/GitHub/school-hub/Application/Features/User/GetUsers/Queries/GetUsersQuery.cs(19,49): warning CS9113: Parameter 'tokenRepository' is unread. [/home/eslam/Documents/GitHub/school-hub/API.csproj]
/home/eslam/Documents/GitHub/school-hub/Infrastructure/Persistence/Repositories/Repository.cs(124,47): warning CS8620: Argument of type 'Expression<Func<T, bool>>' cannot be used for parameter 'predicate' of type 'Expression<Func<T?, bool>>' in 'Task<bool> EntityFrameworkQueryableExtensions.AnyAsync<T?>(IQueryable<T?> source, Expression<Func<T?, bool>> predicate, CancellationToken cancellationToken = default(CancellationToken))' due to differences in the nullability of reference types. [/home/eslam/Documents/GitHub/school-hub/API.csproj]
/home/eslam/Documents/GitHub/school-hub/Application/Features/User/GetUsers/Queries/GetUsersQuery.cs(37,40): warning CS8620: Argument of type 'ExpressionStarter<User>' cannot be used for parameter 'predicate' of type 'Expression<Func<User?, bool>>' in 'IQueryable<User> IRepository<User>.Get(Expression<Func<User?, bool>> predicate = null)' due to differences in the nullability of reference types. [/home/eslam/Documents/GitHub/school-hub/API.csproj]
/home/eslam/Documents/GitHub/school-hub/Application/Features/User/GetUsers/Queries/GetUsersQuery.cs(46,30): warning CS8604: Possible null reference argument for parameter 'source' in 'int Enumerable.Count<Badges>(IEnumerable<Badges> source)'. [/home/eslam/Documents/GitHub/school-hub/API.csproj]
/home/eslam/Documents/GitHub/school-hub/Application/Features/Demo/Query/UserStateQuery.cs(13,60): warning CS1998: This async method lacks 'await' operators and will run synchronously. Consider using the 'await' operator to await non-blocking API calls, or 'await Task.Run(...)' to do CPU-bound work on a background thread. [/home/eslam/Documents/GitHub/school-hub/API.csproj]
/home/eslam/Documents/GitHub/school-hub/Application/Features/User/Export/Queries/ExportUserDataQuery.cs(28,30): warning CS8604: Possible null reference argument for parameter 'source' in 'int Enumerable.Count<Badges>(IEnumerable<Badges> source)'. [/home/eslam/Documents/GitHub/school-hub/API.csproj]
/home/eslam/Documents/GitHub/school-hub/Application/Features/Teacher/PortfolioBook/Commands/UpdateMapScoreCommand.cs(13,69): warning CS1998: This async method lacks 'await' operators and will run synchronously. Consider using the 'await' operator to await non-blocking API calls, or 'await Task.Run(...)' to do CPU-bound work on a background thread. [/home/eslam/Documents/GitHub/school-hub/API.csproj]
/home/eslam/Documents/GitHub/school-hub/Application/Features/Teacher/Dashboard/Queries/GetTeacherDashboardQuery.cs(19,39): warning CS9113: Parameter 'userRepository' is unread. [/home/eslam/Documents/GitHub/school-hub/API.csproj]
/home/eslam/Documents/GitHub/school-hub/EndPoints/Admin/ReportsSchedule/ReportsScheduleEndpoint.cs(12,88): warning CS1998: This async method lacks 'await' operators and will run synchronously. Consider using the 'await' operator to await non-blocking API calls, or 'await Task.Run(...)' to do CPU-bound work on a background thread. [/home/eslam/Documents/GitHub/school-hub/API.csproj]
/home/eslam/Documents/GitHub/school-hub/Application/Features/Teacher/PortfolioBook/Commands/UpdateExactPathCommand.cs(13,69): warning CS1998: This async method lacks 'await' operators and will run synchronously. Consider using the 'await' operator to await non-blocking API calls, or 'await Task.Run(...)' to do CPU-bound work on a background thread. [/home/eslam/Documents/GitHub/school-hub/API.csproj]
/home/eslam/Documents/GitHub/school-hub/Application/Features/Teacher/Cpd/Queries/GetCpdProgressQuery.cs(22,56): warning CS8602: Dereference of a possibly null reference. [/home/eslam/Documents/GitHub/school-hub/API.csproj]
/home/eslam/Documents/GitHub/school-hub/Application/Features/Teacher/Cpd/Queries/GetCpdProgressQuery.cs(23,58): warning CS8602: Dereference of a possibly null reference. [/home/eslam/Documents/GitHub/school-hub/API.csproj]
/home/eslam/Documents/GitHub/school-hub/Application/Features/Teacher/Portfolio/Queries/GetTeacherPortfolioBadgesQuery.cs(20,54): warning CS8602: Dereference of a possibly null reference. [/home/eslam/Documents/GitHub/school-hub/API.csproj]
/home/eslam/Documents/GitHub/school-hub/Application/Features/Teacher/Portfolio/Queries/GetSubjectStudentsQuery.cs(17,26): warning CS9113: Parameter 'classesRepository' is unread. [/home/eslam/Documents/GitHub/school-hub/API.csproj]
/home/eslam/Documents/GitHub/school-hub/Application/Features/Teacher/Dashboard/Queries/GetTeacherDashboardQuery.cs(26,56): warning CS8602: Dereference of a possibly null reference. [/home/eslam/Documents/GitHub/school-hub/API.csproj]
/home/eslam/Documents/GitHub/school-hub/Application/Features/Teacher/Dashboard/Queries/GetTeacherDashboardQuery.cs(27,58): warning CS8602: Dereference of a possibly null reference. [/home/eslam/Documents/GitHub/school-hub/API.csproj]
/home/eslam/Documents/GitHub/school-hub/Application/Features/Teacher/Dashboard/Queries/GetTeacherDashboardQuery.cs(53,70): warning CS8602: Dereference of a possibly null reference. [/home/eslam/Documents/GitHub/school-hub/API.csproj]
/home/eslam/Documents/GitHub/school-hub/Application/Features/Teacher/Cpd/Queries/GetCpdModulesQuery.cs(24,56): warning CS8602: Dereference of a possibly null reference. [/home/eslam/Documents/GitHub/school-hub/API.csproj]
/home/eslam/Documents/GitHub/school-hub/Application/Features/Teacher/Cpd/Queries/GetCpdModulesQuery.cs(28,61): warning CS8602: Dereference of a possibly null reference. [/home/eslam/Documents/GitHub/school-hub/API.csproj]
/home/eslam/Documents/GitHub/school-hub/Application/Features/Teacher/Cpd/Queries/GetCpdModuleByIdQuery.cs(24,55): warning CS8602: Dereference of a possibly null reference. [/home/eslam/Documents/GitHub/school-hub/API.csproj]
/home/eslam/Documents/GitHub/school-hub/Application/Features/Teacher/Cpd/Queries/GetCpdModuleByIdQuery.cs(30,58): warning CS8602: Dereference of a possibly null reference. [/home/eslam/Documents/GitHub/school-hub/API.csproj]
/home/eslam/Documents/GitHub/school-hub/Application/Features/Teacher/Cpd/Commands/UploadCpdEvidenceCommand.cs(29,55): warning CS8602: Dereference of a possibly null reference. [/home/eslam/Documents/GitHub/school-hub/API.csproj]
/home/eslam/Documents/GitHub/school-hub/Application/Features/Teacher/Cpd/Commands/UploadCpdEvidenceCommand.cs(35,58): warning CS8602: Dereference of a possibly null reference. [/home/eslam/Documents/GitHub/school-hub/API.csproj]
/home/eslam/Documents/GitHub/school-hub/Application/Features/Admin/Dashboard/Queries/GetAdminDashboardQuery.cs(23,61): warning CS8603: Possible null reference return. [/home/eslam/Documents/GitHub/school-hub/API.csproj]
/home/eslam/Documents/GitHub/school-hub/Application/Features/Admin/Dashboard/Queries/GetAdminDashboardQuery.cs(27,37): warning CS8602: Dereference of a possibly null reference. [/home/eslam/Documents/GitHub/school-hub/API.csproj]
/home/eslam/Documents/GitHub/school-hub/Application/Features/Admin/Dashboard/Queries/GetAdminDashboardQuery.cs(33,31): warning CS8602: Dereference of a possibly null reference. [/home/eslam/Documents/GitHub/school-hub/API.csproj]
/home/eslam/Documents/GitHub/school-hub/Application/Features/Teacher/Portfolio/Queries/GetSubjectStudentsQuery.cs(25,75): warning CS8602: Dereference of a possibly null reference. [/home/eslam/Documents/GitHub/school-hub/API.csproj]
/home/eslam/Documents/GitHub/school-hub/Application/Features/Teacher/Portfolio/Queries/GetSubjectStudentsQuery.cs(30,72): warning CS8602: Dereference of a possibly null reference. [/home/eslam/Documents/GitHub/school-hub/API.csproj]
/home/eslam/Documents/GitHub/school-hub/Application/Features/Teacher/Portfolio/Queries/GetSubjectStudentsQuery.cs(40,74): warning CS8602: Dereference of a possibly null reference. [/home/eslam/Documents/GitHub/school-hub/API.csproj]
/home/eslam/Documents/GitHub/school-hub/Application/Features/Teacher/Portfolio/Queries/GetSubjectStudentsQuery.cs(43,93): warning CS8602: Dereference of a possibly null reference. [/home/eslam/Documents/GitHub/school-hub/API.csproj]
/home/eslam/Documents/GitHub/school-hub/Application/Features/Teacher/Portfolio/Queries/GetStudentPortfolioQuery.cs(24,32): warning CS9113: Parameter 'studentBadgesRepository' is unread. [/home/eslam/Documents/GitHub/school-hub/API.csproj]
/home/eslam/Documents/GitHub/school-hub/Application/Features/Teacher/Portfolio/Queries/GetStudentPortfolioQuery.cs(25,25): warning CS9113: Parameter 'badgesRepository' is unread. [/home/eslam/Documents/GitHub/school-hub/API.csproj]
/home/eslam/Documents/GitHub/school-hub/Application/Features/Teacher/Cpd/Commands/UpdateCpdModuleStatusCommand.cs(28,55): warning CS8602: Dereference of a possibly null reference. [/home/eslam/Documents/GitHub/school-hub/API.csproj]
/home/eslam/Documents/GitHub/school-hub/Application/Features/Teacher/Cpd/Commands/UpdateCpdModuleStatusCommand.cs(34,58): warning CS8602: Dereference of a possibly null reference. [/home/eslam/Documents/GitHub/school-hub/API.csproj]
/home/eslam/Documents/GitHub/school-hub/Application/Features/Student/Activity/Commands/AwardPointsCommand.cs(14,53): warning CS1998: This async method lacks 'await' operators and will run synchronously. Consider using the 'await' operator to await non-blocking API calls, or 'await Task.Run(...)' to do CPU-bound work on a background thread. [/home/eslam/Documents/GitHub/school-hub/API.csproj]
/home/eslam/Documents/GitHub/school-hub/Application/Features/Student/Badges/Queries/GetStudentBadgesQuery.cs(26,57): warning CS8602: Dereference of a possibly null reference. [/home/eslam/Documents/GitHub/school-hub/API.csproj]
/home/eslam/Documents/GitHub/school-hub/Application/Features/Student/Badges/Queries/GetStudentBadgesQuery.cs(35,67): warning CS8602: Dereference of a possibly null reference. [/home/eslam/Documents/GitHub/school-hub/API.csproj]
/home/eslam/Documents/GitHub/school-hub/Application/Features/Student/Badges/Queries/GetStudentBadgesQuery.cs(67,41): warning CS8604: Possible null reference argument for parameter 'value' in 'string EnumExtensions.GetDescription(Enum value)'. [/home/eslam/Documents/GitHub/school-hub/API.csproj]
/home/eslam/Documents/GitHub/school-hub/Application/Features/Student/Badges/Queries/GetStudentBadgesQuery.cs(68,51): warning CS8604: Possible null reference argument for parameter 'value' in 'string EnumExtensions.GetDescription(Enum value)'. [/home/eslam/Documents/GitHub/school-hub/API.csproj]
/home/eslam/Documents/GitHub/school-hub/Application/Features/Teacher/Portfolio/Commands/TogglePortfolioLikeCommand.cs(21,17): warning CS8602: Dereference of a possibly null reference. [/home/eslam/Documents/GitHub/school-hub/API.csproj]
/home/eslam/Documents/GitHub/school-hub/Application/Features/Student/Activity/Queries/GetPointsSummaryQuery.cs(24,63): warning CS8602: Dereference of a possibly null reference. [/home/eslam/Documents/GitHub/school-hub/API.csproj]
/home/eslam/Documents/GitHub/school-hub/Application/Features/Student/Activity/Queries/GetPointsSummaryQuery.cs(30,17): warning CS8602: Dereference of a possibly null reference. [/home/eslam/Documents/GitHub/school-hub/API.csproj]
/home/eslam/Documents/GitHub/school-hub/Application/Features/Student/Activity/Queries/GetPointsSummaryQuery.cs(38,17): warning CS8602: Dereference of a possibly null reference. [/home/eslam/Documents/GitHub/school-hub/API.csproj]
/home/eslam/Documents/GitHub/school-hub/Application/Features/Student/Activity/Queries/GetPointsSummaryQuery.cs(44,67): warning CS8602: Dereference of a possibly null reference. [/home/eslam/Documents/GitHub/school-hub/API.csproj]
/home/eslam/Documents/GitHub/school-hub/Application/Features/Student/Activity/Queries/GetPointsSummaryQuery.cs(47,41): warning CS8604: Possible null reference argument for parameter 'value' in 'string EnumExtensions.GetDescription(Enum value)'. [/home/eslam/Documents/GitHub/school-hub/API.csproj]
/home/eslam/Documents/GitHub/school-hub/Application/Features/Student/Activity/Queries/GetPointsSummaryQuery.cs(51,66): warning CS8602: Dereference of a possibly null reference. [/home/eslam/Documents/GitHub/school-hub/API.csproj]
/home/eslam/Documents/GitHub/school-hub/Application/Features/Student/Badges/Queries/GetStudentBadgesCountQuery.cs(19,60): warning CS8602: Dereference of a possibly null reference. [/home/eslam/Documents/GitHub/school-hub/API.csproj]
/home/eslam/Documents/GitHub/school-hub/Application/Features/Admin/DashboardStats/Queries/GetDashboardStatsQuery.cs(23,55): warning CS8603: Possible null reference return. [/home/eslam/Documents/GitHub/school-hub/API.csproj]
/home/eslam/Documents/GitHub/school-hub/Application/Features/Student/Badges/Commands/AwardBadgeCommand.cs(22,53): warning CS8602: Dereference of a possibly null reference. [/home/eslam/Documents/GitHub/school-hub/API.csproj]
/home/eslam/Documents/GitHub/school-hub/Application/Features/Student/Badges/Commands/AwardBadgeCommand.cs(30,13): warning CS8602: Dereference of a possibly null reference. [/home/eslam/Documents/GitHub/school-hub/API.csproj]
/home/eslam/Documents/GitHub/school-hub/Application/Features/Student/Challenges/Commands/SubmitChallengeCommand.cs(25,13): warning CS8602: Dereference of a possibly null reference. [/home/eslam/Documents/GitHub/school-hub/API.csproj]
/home/eslam/Documents/GitHub/school-hub/Application/Features/Student/Challenges/Commands/SubmitChallengeCommand.cs(33,61): warning CS8602: Dereference of a possibly null reference. [/home/eslam/Documents/GitHub/school-hub/API.csproj]
/home/eslam/Documents/GitHub/school-hub/Application/Features/Student/Progress/Queries/GetStudentProgressQuery.cs(34,63): warning CS8602: Dereference of a possibly null reference. [/home/eslam/Documents/GitHub/school-hub/API.csproj]
/home/eslam/Documents/GitHub/school-hub/Application/Features/Student/Progress/Queries/GetStudentProgressQuery.cs(38,67): warning CS8602: Dereference of a possibly null reference. [/home/eslam/Documents/GitHub/school-hub/API.csproj]
/home/eslam/Documents/GitHub/school-hub/Application/Features/Student/Progress/Queries/GetStudentProgressQuery.cs(41,41): warning CS8604: Possible null reference argument for parameter 'value' in 'string EnumExtensions.GetDescription(Enum value)'. [/home/eslam/Documents/GitHub/school-hub/API.csproj]
/home/eslam/Documents/GitHub/school-hub/Application/Features/Student/Progress/Queries/GetStudentProgressQuery.cs(47,61): warning CS8602: Dereference of a possibly null reference. [/home/eslam/Documents/GitHub/school-hub/API.csproj]
/home/eslam/Documents/GitHub/school-hub/Application/Features/Student/Progress/Queries/GetStudentProgressQuery.cs(48,69): warning CS8602: Dereference of a possibly null reference. [/home/eslam/Documents/GitHub/school-hub/API.csproj]
/home/eslam/Documents/GitHub/school-hub/Application/Features/Student/Progress/Queries/GetStudentProgressQuery.cs(63,59): warning CS8602: Dereference of a possibly null reference. [/home/eslam/Documents/GitHub/school-hub/API.csproj]
/home/eslam/Documents/GitHub/school-hub/Application/Features/Student/Progress/Queries/GetStudentProgressQuery.cs(64,67): warning CS8602: Dereference of a possibly null reference. [/home/eslam/Documents/GitHub/school-hub/API.csproj]
/home/eslam/Documents/GitHub/school-hub/Application/Features/Student/Progress/Queries/GetStudentProgressQuery.cs(78,67): warning CS8602: Dereference of a possibly null reference. [/home/eslam/Documents/GitHub/school-hub/API.csproj]
/home/eslam/Documents/GitHub/school-hub/Application/Features/Student/Progress/Queries/GetStudentProgressQuery.cs(83,64): warning CS8602: Dereference of a possibly null reference. [/home/eslam/Documents/GitHub/school-hub/API.csproj]
/home/eslam/Documents/GitHub/school-hub/Application/Features/Student/Progress/Queries/GetStudentProgressQuery.cs(83,112): warning CS8629: Nullable value type may be null. [/home/eslam/Documents/GitHub/school-hub/API.csproj]
/home/eslam/Documents/GitHub/school-hub/Application/Features/Student/Progress/Queries/GetStudentProgressQuery.cs(89,32): warning CS8714: The type 'long?' cannot be used as type parameter 'TKey' in the generic type or method 'Enumerable.ToDictionary<TSource, TKey, TElement>(IEnumerable<TSource>, Func<TSource, TKey>, Func<TSource, TElement>)'. Nullability of type argument 'long?' doesn't match 'notnull' constraint. [/home/eslam/Documents/GitHub/school-hub/API.csproj]
/home/eslam/Documents/GitHub/school-hub/Application/Features/Student/Progress/Queries/GetStudentProgressQuery.cs(108,69): warning CS8602: Dereference of a possibly null reference. [/home/eslam/Documents/GitHub/school-hub/API.csproj]
/home/eslam/Documents/GitHub/school-hub/Application/Features/Student/Progress/Queries/GetStudentProgressQuery.cs(120,67): warning CS8602: Dereference of a possibly null reference. [/home/eslam/Documents/GitHub/school-hub/API.csproj]
/home/eslam/Documents/GitHub/school-hub/Application/Features/Student/Challenges/Queries/GetActiveChallengesQuery.cs(26,62): warning CS8602: Dereference of a possibly null reference. [/home/eslam/Documents/GitHub/school-hub/API.csproj]
/home/eslam/Documents/GitHub/school-hub/Application/Features/Student/Challenges/Queries/GetActiveChallengesQuery.cs(29,78): warning CS8602: Dereference of a possibly null reference. [/home/eslam/Documents/GitHub/school-hub/API.csproj]
/home/eslam/Documents/GitHub/school-hub/Application/Features/Student/Activity/Queries/GetActivityStreakQuery.cs(22,69): warning CS8602: Dereference of a possibly null reference. [/home/eslam/Documents/GitHub/school-hub/API.csproj]
/home/eslam/Documents/GitHub/school-hub/Application/Features/Student/Challenges/Commands/JoinChallengeCommand.cs(23,61): warning CS8602: Dereference of a possibly null reference. [/home/eslam/Documents/GitHub/school-hub/API.csproj]
/home/eslam/Documents/GitHub/school-hub/Application/Features/Student/Challenges/Commands/JoinChallengeCommand.cs(31,13): warning CS8602: Dereference of a possibly null reference. [/home/eslam/Documents/GitHub/school-hub/API.csproj]
/home/eslam/Documents/GitHub/school-hub/Application/Features/Teacher/Portfolio/Queries/GetStudentPortfolioQuery.cs(32,53): warning CS8602: Dereference of a possibly null reference. [/home/eslam/Documents/GitHub/school-hub/API.csproj]
/home/eslam/Documents/GitHub/school-hub/Application/Features/Teacher/Portfolio/Queries/GetStudentPortfolioQuery.cs(36,57): warning CS8602: Dereference of a possibly null reference. [/home/eslam/Documents/GitHub/school-hub/API.csproj]
/home/eslam/Documents/GitHub/school-hub/Application/Features/Teacher/Portfolio/Queries/GetStudentPortfolioQuery.cs(40,61): warning CS8602: Dereference of a possibly null reference. [/home/eslam/Documents/GitHub/school-hub/API.csproj]
/home/eslam/Documents/GitHub/school-hub/Application/Features/Teacher/Portfolio/Queries/GetStudentPortfolioQuery.cs(71,57): warning CS8602: Dereference of a possibly null reference. [/home/eslam/Documents/GitHub/school-hub/API.csproj]
/home/eslam/Documents/GitHub/school-hub/Application/Features/Teacher/Portfolio/Queries/GetStudentPortfolioQuery.cs(74,54): warning CS8602: Dereference of a possibly null reference. [/home/eslam/Documents/GitHub/school-hub/API.csproj]
/home/eslam/Documents/GitHub/school-hub/Application/Features/Student/PortfolioBook/Queries/GetPortfolioBookQuery.cs(13,65): warning CS1998: This async method lacks 'await' operators and will run synchronously. Consider using the 'await' operator to await non-blocking API calls, or 'await Task.Run(...)' to do CPU-bound work on a background thread. [/home/eslam/Documents/GitHub/school-hub/API.csproj]
/home/eslam/Documents/GitHub/school-hub/Application/Features/Admin/GetAdminKPI/Queries/GetAdminKPIQuery.cs(28,46): warning CS8604: Possible null reference argument for parameter 'source' in 'int Enumerable.Count<Badges>(IEnumerable<Badges> source)'. [/home/eslam/Documents/GitHub/school-hub/API.csproj]
/home/eslam/Documents/GitHub/school-hub/Application/Features/Admin/GetAdminKPI/Queries/GetAdminKPIQuery.cs(32,56): warning CS8604: Possible null reference argument for parameter 'data' in 'RequestResult<GetAdminKPIRespone> RequestResult<GetAdminKPIRespone>.Success(GetAdminKPIRespone data)'. [/home/eslam/Documents/GitHub/school-hub/API.csproj]
/home/eslam/Documents/GitHub/school-hub/Application/Features/Teacher/Portfolio/Commands/AwardPortfolioBadgeCommand.cs(25,53): warning CS8602: Dereference of a possibly null reference. [/home/eslam/Documents/GitHub/school-hub/API.csproj]
/home/eslam/Documents/GitHub/school-hub/Application/Features/Teacher/Portfolio/Commands/AwardPortfolioBadgeCommand.cs(32,17): warning CS8602: Dereference of a possibly null reference. [/home/eslam/Documents/GitHub/school-hub/API.csproj]
/home/eslam/Documents/GitHub/school-hub/Application/Features/Admin/SeedData/Commands/SeedDatabaseCommand.cs(24,47): warning CS9113: Parameter 'badgesRepository' is unread. [/home/eslam/Documents/GitHub/school-hub/API.csproj]
/home/eslam/Documents/GitHub/school-hub/Application/Features/Student/Goals/Commands/UpdateGoalProgressCommand.cs(13,53): warning CS1998: This async method lacks 'await' operators and will run synchronously. Consider using the 'await' operator to await non-blocking API calls, or 'await Task.Run(...)' to do CPU-bound work on a background thread. [/home/eslam/Documents/GitHub/school-hub/API.csproj]
/home/eslam/Documents/GitHub/school-hub/Application/Features/Student/Goals/Queries/GetStudentGoalsQuery.cs(14,69): warning CS1998: This async method lacks 'await' operators and will run synchronously. Consider using the 'await' operator to await non-blocking API calls, or 'await Task.Run(...)' to do CPU-bound work on a background thread. [/home/eslam/Documents/GitHub/school-hub/API.csproj]
/home/eslam/Documents/GitHub/school-hub/Application/Features/Student/PortfolioBook/Commands/SavePortfolioReflectionCommand.cs(13,71): warning CS1998: This async method lacks 'await' operators and will run synchronously. Consider using the 'await' operator to await non-blocking API calls, or 'await Task.Run(...)' to do CPU-bound work on a background thread. [/home/eslam/Documents/GitHub/school-hub/API.csproj]
/home/eslam/Documents/GitHub/school-hub/Application/Features/Student/PortfolioBook/Commands/SavePortfolioProjectCommand.cs(13,68): warning CS1998: This async method lacks 'await' operators and will run synchronously. Consider using the 'await' operator to await non-blocking API calls, or 'await Task.Run(...)' to do CPU-bound work on a background thread. [/home/eslam/Documents/GitHub/school-hub/API.csproj]
/home/eslam/Documents/GitHub/school-hub/Application/Features/Student/Goals/Commands/CreateGoalCommand.cs(14,63): warning CS1998: This async method lacks 'await' operators and will run synchronously. Consider using the 'await' operator to await non-blocking API calls, or 'await Task.Run(...)' to do CPU-bound work on a background thread. [/home/eslam/Documents/GitHub/school-hub/API.csproj]
/home/eslam/Documents/GitHub/school-hub/Application/Features/Student/Notebook/Queries/GetNotebookEntriesQuery.cs(14,71): warning CS1998: This async method lacks 'await' operators and will run synchronously. Consider using the 'await' operator to await non-blocking API calls, or 'await Task.Run(...)' to do CPU-bound work on a background thread. [/home/eslam/Documents/GitHub/school-hub/API.csproj]
/home/eslam/Documents/GitHub/school-hub/Application/Features/Student/PortfolioBook/Commands/SavePortfolioProfileCommand.cs(13,68): warning CS1998: This async method lacks 'await' operators and will run synchronously. Consider using the 'await' operator to await non-blocking API calls, or 'await Task.Run(...)' to do CPU-bound work on a background thread. [/home/eslam/Documents/GitHub/school-hub/API.csproj]
/home/eslam/Documents/GitHub/school-hub/Application/Features/Student/Notifications/Queries/GetNotificationsQuery.cs(14,70): warning CS1998: This async method lacks 'await' operators and will run synchronously. Consider using the 'await' operator to await non-blocking API calls, or 'await Task.Run(...)' to do CPU-bound work on a background thread. [/home/eslam/Documents/GitHub/school-hub/API.csproj]
/home/eslam/Documents/GitHub/school-hub/Application/Features/Student/Portfolio/Queries/GetSubjectPortfolioQuery.cs(19,61): warning CS9113: Parameter 'studentBadgesRepository' is unread. [/home/eslam/Documents/GitHub/school-hub/API.csproj]
/home/eslam/Documents/GitHub/school-hub/Application/Features/Student/PortfolioBook/Commands/SavePortfolioLearningStyleCommand.cs(13,74): warning CS1998: This async method lacks 'await' operators and will run synchronously. Consider using the 'await' operator to await non-blocking API calls, or 'await Task.Run(...)' to do CPU-bound work on a background thread. [/home/eslam/Documents/GitHub/school-hub/API.csproj]
/home/eslam/Documents/GitHub/school-hub/Application/Features/Student/Notifications/Commands/MarkNotificationAsReadCommand.cs(13,53): warning CS1998: This async method lacks 'await' operators and will run synchronously. Consider using the 'await' operator to await non-blocking API calls, or 'await Task.Run(...)' to do CPU-bound work on a background thread. [/home/eslam/Documents/GitHub/school-hub/API.csproj]
/home/eslam/Documents/GitHub/school-hub/Application/Features/Student/PortfolioBook/Commands/SavePortfolioJourneyCommand.cs(13,73): warning CS1998: This async method lacks 'await' operators and will run synchronously. Consider using the 'await' operator to await non-blocking API calls, or 'await Task.Run(...)' to do CPU-bound work on a background thread. [/home/eslam/Documents/GitHub/school-hub/API.csproj]
/home/eslam/Documents/GitHub/school-hub/Application/Features/Student/PortfolioBook/Commands/SavePortfolioAssignmentCommand.cs(13,71): warning CS1998: This async method lacks 'await' operators and will run synchronously. Consider using the 'await' operator to await non-blocking API calls, or 'await Task.Run(...)' to do CPU-bound work on a background thread. [/home/eslam/Documents/GitHub/school-hub/API.csproj]
/home/eslam/Documents/GitHub/school-hub/Application/Features/Student/PortfolioBook/Commands/SavePortfolioGoalsCommand.cs(13,66): warning CS1998: This async method lacks 'await' operators and will run synchronously. Consider using the 'await' operator to await non-blocking API calls, or 'await Task.Run(...)' to do CPU-bound work on a background thread. [/home/eslam/Documents/GitHub/school-hub/API.csproj]
/home/eslam/Documents/GitHub/school-hub/Application/Features/Admin/SeedData/Commands/SeedDatabaseCommand.cs(78,39): warning CS1998: This async method lacks 'await' operators and will run synchronously. Consider using the 'await' operator to await non-blocking API calls, or 'await Task.Run(...)' to do CPU-bound work on a background thread. [/home/eslam/Documents/GitHub/school-hub/API.csproj]
/home/eslam/Documents/GitHub/school-hub/Application/Features/Admin/SeedData/Commands/SeedDatabaseCommand.cs(94,40): warning CS1998: This async method lacks 'await' operators and will run synchronously. Consider using the 'await' operator to await non-blocking API calls, or 'await Task.Run(...)' to do CPU-bound work on a background thread. [/home/eslam/Documents/GitHub/school-hub/API.csproj]
/home/eslam/Documents/GitHub/school-hub/Application/Features/Student/Notebook/Commands/SaveNotebookEntryCommand.cs(14,65): warning CS1998: This async method lacks 'await' operators and will run synchronously. Consider using the 'await' operator to await non-blocking API calls, or 'await Task.Run(...)' to do CPU-bound work on a background thread. [/home/eslam/Documents/GitHub/school-hub/API.csproj]
/home/eslam/Documents/GitHub/school-hub/Application/Features/Student/Notebook/Commands/DeleteNotebookEntryCommand.cs(13,53): warning CS1998: This async method lacks 'await' operators and will run synchronously. Consider using the 'await' operator to await non-blocking API calls, or 'await Task.Run(...)' to do CPU-bound work on a background thread. [/home/eslam/Documents/GitHub/school-hub/API.csproj]
/home/eslam/Documents/GitHub/school-hub/Application/Features/Student/Portfolio/Queries/GetStudentFeedbackCountQuery.cs(19,55): warning CS8602: Dereference of a possibly null reference. [/home/eslam/Documents/GitHub/school-hub/API.csproj]
/home/eslam/Documents/GitHub/school-hub/Application/Features/Student/Portfolio/Queries/GetAllActiveSubjectsQuery.cs(30,58): warning CS8602: Dereference of a possibly null reference. [/home/eslam/Documents/GitHub/school-hub/API.csproj]
/home/eslam/Documents/GitHub/school-hub/Application/Features/Student/Portfolio/Commands/DeletePortfolioFileCommand.cs(21,58): warning CS8602: Dereference of a possibly null reference. [/home/eslam/Documents/GitHub/school-hub/API.csproj]
/home/eslam/Documents/GitHub/school-hub/Application/Features/Student/Portfolio/Commands/SaveReflectionCommand.cs(16,62): warning CS1998: This async method lacks 'await' operators and will run synchronously. Consider using the 'await' operator to await non-blocking API calls, or 'await Task.Run(...)' to do CPU-bound work on a background thread. [/home/eslam/Documents/GitHub/school-hub/API.csproj]
/home/eslam/Documents/GitHub/school-hub/Application/Features/Student/Portfolio/Commands/UploadPortfolioFileCommand.cs(17,65): warning CS1998: This async method lacks 'await' operators and will run synchronously. Consider using the 'await' operator to await non-blocking API calls, or 'await Task.Run(...)' to do CPU-bound work on a background thread. [/home/eslam/Documents/GitHub/school-hub/API.csproj]
/home/eslam/Documents/GitHub/school-hub/Application/Features/Student/Portfolio/Queries/GetStudentPortfolioFilesQuery.cs(21,61): warning CS8602: Dereference of a possibly null reference. [/home/eslam/Documents/GitHub/school-hub/API.csproj]
/home/eslam/Documents/GitHub/school-hub/Application/Features/Admin/SeedData/Commands/SeedDatabaseCommand.cs(110,52): warning CS1998: This async method lacks 'await' operators and will run synchronously. Consider using the 'await' operator to await non-blocking API calls, or 'await Task.Run(...)' to do CPU-bound work on a background thread. [/home/eslam/Documents/GitHub/school-hub/API.csproj]
/home/eslam/Documents/GitHub/school-hub/Application/Features/Student/Missions/Queries/GetMissionDetailsQuery.cs(26,57): warning CS8602: Dereference of a possibly null reference. [/home/eslam/Documents/GitHub/school-hub/API.csproj]
/home/eslam/Documents/GitHub/school-hub/Application/Features/Student/Missions/Queries/GetMissionDetailsQuery.cs(30,58): warning CS8602: Dereference of a possibly null reference. [/home/eslam/Documents/GitHub/school-hub/API.csproj]
/home/eslam/Documents/GitHub/school-hub/Application/Features/Student/Missions/Queries/GetMissionDetailsQuery.cs(33,53): warning CS8602: Dereference of a possibly null reference. [/home/eslam/Documents/GitHub/school-hub/API.csproj]
/home/eslam/Documents/GitHub/school-hub/Application/Features/Student/Missions/Queries/GetMissionDetailsQuery.cs(36,62): warning CS8602: Dereference of a possibly null reference. [/home/eslam/Documents/GitHub/school-hub/API.csproj]
/home/eslam/Documents/GitHub/school-hub/Application/Features/Student/Missions/Queries/GetMissionDetailsQuery.cs(40,77): warning CS8602: Dereference of a possibly null reference. [/home/eslam/Documents/GitHub/school-hub/API.csproj]
/home/eslam/Documents/GitHub/school-hub/Application/Features/Admin/SeedData/Commands/SeedDatabaseCommand.cs(177,24): warning CS1998: This async method lacks 'await' operators and will run synchronously. Consider using the 'await' operator to await non-blocking API calls, or 'await Task.Run(...)' to do CPU-bound work on a background thread. [/home/eslam/Documents/GitHub/school-hub/API.csproj]
/home/eslam/Documents/GitHub/school-hub/Application/Features/Student/Missions/Queries/GetAllMissionsQuery.cs(25,58): warning CS8602: Dereference of a possibly null reference. [/home/eslam/Documents/GitHub/school-hub/API.csproj]
/home/eslam/Documents/GitHub/school-hub/Application/Features/Student/Missions/Queries/GetAllMissionsQuery.cs(28,61): warning CS8602: Dereference of a possibly null reference. [/home/eslam/Documents/GitHub/school-hub/API.csproj]
/home/eslam/Documents/GitHub/school-hub/Application/Features/Admin/SeedData/Commands/SeedDatabaseCommand.cs(203,67): warning CS1998: This async method lacks 'await' operators and will run synchronously. Consider using the 'await' operator to await non-blocking API calls, or 'await Task.Run(...)' to do CPU-bound work on a background thread. [/home/eslam/Documents/GitHub/school-hub/API.csproj]
/home/eslam/Documents/GitHub/school-hub/Application/Features/Student/Portfolio/Queries/GetSubjectPortfolioQuery.cs(28,57): warning CS8602: Dereference of a possibly null reference. [/home/eslam/Documents/GitHub/school-hub/API.csproj]
/home/eslam/Documents/GitHub/school-hub/Application/Features/Student/Portfolio/Queries/GetSubjectPortfolioQuery.cs(33,61): warning CS8602: Dereference of a possibly null reference. [/home/eslam/Documents/GitHub/school-hub/API.csproj]
/home/eslam/Documents/GitHub/school-hub/Application/Features/Student/Portfolio/Queries/GetSubjectPortfolioQuery.cs(49,64): warning CS8602: Dereference of a possibly null reference. [/home/eslam/Documents/GitHub/school-hub/API.csproj]
/home/eslam/Documents/GitHub/school-hub/Application/Features/Admin/SeedData/Commands/SeedDatabaseCommand.cs(219,42): warning CS1998: This async method lacks 'await' operators and will run synchronously. Consider using the 'await' operator to await non-blocking API calls, or 'await Task.Run(...)' to do CPU-bound work on a background thread. [/home/eslam/Documents/GitHub/school-hub/API.csproj]
/home/eslam/Documents/GitHub/school-hub/Application/Features/Student/Missions/Commands/UpdateMissionProgressCommand.cs(29,65): warning CS8602: Dereference of a possibly null reference. [/home/eslam/Documents/GitHub/school-hub/API.csproj]
/home/eslam/Documents/GitHub/school-hub/Application/Features/Student/Missions/Commands/UpdateMissionProgressCommand.cs(34,71): warning CS8602: Dereference of a possibly null reference. [/home/eslam/Documents/GitHub/school-hub/API.csproj]
/home/eslam/Documents/GitHub/school-hub/Application/Features/Student/Missions/Commands/UpdateMissionProgressCommand.cs(50,13): warning CS8602: Dereference of a possibly null reference. [/home/eslam/Documents/GitHub/school-hub/API.csproj]
/home/eslam/Documents/GitHub/school-hub/Application/Features/Student/Missions/Commands/UpdateMissionProgressCommand.cs(93,61): warning CS8602: Dereference of a possibly null reference. [/home/eslam/Documents/GitHub/school-hub/API.csproj]
/home/eslam/Documents/GitHub/school-hub/Application/Features/Student/Missions/Commands/UpdateMissionProgressCommand.cs(97,21): warning CS8602: Dereference of a possibly null reference. [/home/eslam/Documents/GitHub/school-hub/API.csproj]
/home/eslam/Documents/GitHub/school-hub/Application/Features/Student/Missions/Commands/UpdateMissionProgressCommand.cs(103,65): warning CS8602: Dereference of a possibly null reference. [/home/eslam/Documents/GitHub/school-hub/API.csproj]
/home/eslam/Documents/GitHub/school-hub/Application/Features/Student/Dashboard/Queries/GetStudentDashboardQuery.cs(37,53): warning CS8602: Dereference of a possibly null reference. [/home/eslam/Documents/GitHub/school-hub/API.csproj]
/home/eslam/Documents/GitHub/school-hub/Application/Features/Student/Dashboard/Queries/GetStudentDashboardQuery.cs(41,67): warning CS8602: Dereference of a possibly null reference. [/home/eslam/Documents/GitHub/school-hub/API.csproj]
/home/eslam/Documents/GitHub/school-hub/Application/Features/Student/Dashboard/Queries/GetStudentDashboardQuery.cs(51,34): warning CS8604: Possible null reference argument for parameter 'value' in 'string EnumExtensions.GetDescription(Enum value)'. [/home/eslam/Documents/GitHub/school-hub/API.csproj]
/home/eslam/Documents/GitHub/school-hub/Application/Features/Student/Dashboard/Queries/GetStudentDashboardQuery.cs(55,66): warning CS8602: Dereference of a possibly null reference. [/home/eslam/Documents/GitHub/school-hub/API.csproj]
/home/eslam/Documents/GitHub/school-hub/Application/Features/Student/Dashboard/Queries/GetStudentDashboardQuery.cs(57,74): warning CS8602: Dereference of a possibly null reference. [/home/eslam/Documents/GitHub/school-hub/API.csproj]
/home/eslam/Documents/GitHub/school-hub/Application/Features/Student/Dashboard/Queries/GetStudentDashboardQuery.cs(59,70): warning CS8602: Dereference of a possibly null reference. [/home/eslam/Documents/GitHub/school-hub/API.csproj]
/home/eslam/Documents/GitHub/school-hub/Application/Features/Student/Dashboard/Queries/GetStudentDashboardQuery.cs(61,63): warning CS8602: Dereference of a possibly null reference. [/home/eslam/Documents/GitHub/school-hub/API.csproj]
/home/eslam/Documents/GitHub/school-hub/Application/Features/Student/Dashboard/Queries/GetStudentDashboardQuery.cs(79,17): warning CS8602: Dereference of a possibly null reference. [/home/eslam/Documents/GitHub/school-hub/API.csproj]
/home/eslam/Documents/GitHub/school-hub/Application/Features/Student/Dashboard/Queries/GetStudentDashboardQuery.cs(96,23): warning CS8602: Dereference of a possibly null reference. [/home/eslam/Documents/GitHub/school-hub/API.csproj]
/home/eslam/Documents/GitHub/school-hub/Application/Features/Student/Dashboard/Queries/GetStudentDashboardQuery.cs(100,98): warning CS8602: Dereference of a possibly null reference. [/home/eslam/Documents/GitHub/school-hub/API.csproj]
/home/eslam/Documents/GitHub/school-hub/Application/Features/Student/Dashboard/Queries/GetStudentDashboardQuery.cs(118,23): warning CS8602: Dereference of a possibly null reference. [/home/eslam/Documents/GitHub/school-hub/API.csproj]
/home/eslam/Documents/GitHub/school-hub/Application/Features/Student/Dashboard/Queries/GetStudentDashboardQuery.cs(124,84): warning CS8602: Dereference of a possibly null reference. [/home/eslam/Documents/GitHub/school-hub/API.csproj]
/home/eslam/Documents/GitHub/school-hub/Application/Features/Admin/SeedData/Commands/SeedDatabaseCommand.cs(233,24): warning CS1998: This async method lacks 'await' operators and will run synchronously. Consider using the 'await' operator to await non-blocking API calls, or 'await Task.Run(...)' to do CPU-bound work on a background thread. [/home/eslam/Documents/GitHub/school-hub/API.csproj]
/home/eslam/Documents/GitHub/school-hub/Application/Features/Admin/SeedData/Commands/SeedDatabaseCommand.cs(261,24): warning CS1998: This async method lacks 'await' operators and will run synchronously. Consider using the 'await' operator to await non-blocking API calls, or 'await Task.Run(...)' to do CPU-bound work on a background thread. [/home/eslam/Documents/GitHub/school-hub/API.csproj]
/home/eslam/Documents/GitHub/school-hub/Application/Features/Admin/SeedData/Commands/SeedDatabaseCommand.cs(289,24): warning CS1998: This async method lacks 'await' operators and will run synchronously. Consider using the 'await' operator to await non-blocking API calls, or 'await Task.Run(...)' to do CPU-bound work on a background thread. [/home/eslam/Documents/GitHub/school-hub/API.csproj]
/home/eslam/Documents/GitHub/school-hub/Application/Features/Admin/SeedData/Commands/SeedDatabaseCommand.cs(317,24): warning CS1998: This async method lacks 'await' operators and will run synchronously. Consider using the 'await' operator to await non-blocking API calls, or 'await Task.Run(...)' to do CPU-bound work on a background thread. [/home/eslam/Documents/GitHub/school-hub/API.csproj]
/home/eslam/Documents/GitHub/school-hub/Application/Features/Admin/SeedData/Commands/SeedDatabaseCommand.cs(346,24): warning CS1998: This async method lacks 'await' operators and will run synchronously. Consider using the 'await' operator to await non-blocking API calls, or 'await Task.Run(...)' to do CPU-bound work on a background thread. [/home/eslam/Documents/GitHub/school-hub/API.csproj]
/home/eslam/Documents/GitHub/school-hub/Application/Features/Admin/Portfolio/Queries/GetPortfolioCompletionStatsQuery.cs(39,59): warning CS8629: Nullable value type may be null. [/home/eslam/Documents/GitHub/school-hub/API.csproj]
/home/eslam/Documents/GitHub/school-hub/Application/Features/Student/Badges/Queries/GetStudentBadgesCountQuery.cs(20,14): error CS1061: 'IQueryable<StudentBadges>' does not contain a definition for 'CountAsync' and no accessible extension method 'CountAsync' accepting a first argument of type 'IQueryable<StudentBadges>' could be found (are you missing a using directive or an assembly reference?) [/home/eslam/Documents/GitHub/school-hub/API.csproj]
/home/eslam/Documents/GitHub/school-hub/Application/Features/Student/Portfolio/Queries/GetStudentFeedbackCountQuery.cs(20,14): error CS1061: 'IQueryable<TeacherFeedback>' does not contain a definition for 'CountAsync' and no accessible extension method 'CountAsync' accepting a first argument of type 'IQueryable<TeacherFeedback>' could be found (are you missing a using directive or an assembly reference?) [/home/eslam/Documents/GitHub/school-hub/API.csproj]
    184 Warning(s)
    2 Error(s)

Time Elapsed 00:00:02.42
